[WARN] Substrate: TCG emulation (no /dev/kvm). PKS enforcement is emulated; negative controls validate behavior.
[DONE] Preflight recorded (tcg) -> results/preflight.json
========================================================================================
 [test] PKS Compliance Evaluation: Kernel Invariants & POSIX Semantics
 Leaves: fsx, pks-unit, sanity | Modes: off, on | Executor: qemu
========================================================================================
 [fsx-off]            pcache_pks=off  ... PASS (ops=10000 errors=0)
 [pks-unit-off]       pcache_pks=off  ... PASS (ok)
     [PASS] check_defaults
     [PASS] single
     [PASS] context_switch
     [PASS] exception
     [PASS] exception_update
     [SKIP] run_all
 [sanity-off]         pcache_pks=off  ... PASS (note=not_applicable_when_off)
 [fsx-on]             pcache_pks=on   ... PASS (ops=10000 errors=0)
 [pks-unit-on]        pcache_pks=on   ... PASS (ok)
     [PASS] check_defaults
     [PASS] single
     [PASS] context_switch
     [PASS] exception
     [PASS] exception_update
     [SKIP] run_all
 [sanity-on]          pcache_pks=on   ... PASS (ok)
     [PASS] write(2) scoped cleanly (+1 begin, +1 end)
     [PASS] pwrite(2) scoped cleanly (+1 begin, +1 end)
     [PASS] writev(2) scoped cleanly (+1 begin, +1 end)
     [PASS] ftruncate(2) scoped cleanly (+1 begin, +1 end)
     [PASS] fallocate(2) scoped cleanly (+1 begin, +1 end)
     [PASS] read(2) executed with 0 write-scope toggles (read-path parity confirmed)
     [PASS] Total scope balance verified: 196951 entries == 196951 exits (leak-free invariant)
     [PASS] 100% of resident page-cache folios reside strictly in the PKS static pool
     [PASS] mmap(PROT_WRITE, MAP_SHARED) rejected with -EOPNOTSUPP
     [PASS] open(O_DIRECT) rejected with -EOPNOTSUPP
     [PASS] splice(pipe -> protected file) rejected with -EOPNOTSUPP
     [PASS] copy_file_range(protected -> protected) rejected with -EOPNOTSUPP
     [PASS] AIO pwrite completion rejected with -EOPNOTSUPP
     [PASS] ioctl(EXT4_IOC_MOVE_EXT) rejected with -EOPNOTSUPP
     [PASS] buffered write/fsync/read round-trip preserved 8192 bytes intact
     [PASS] ftruncate grow/shrink updates file size correctly (65536 -> 1024)
     [PASS] MAP_SHARED|PROT_READ permitted (read-only consumers unaffected)
     [PASS] MAP_PRIVATE|PROT_READ permitted (execve / dynamic-linking path intact)
     [PASS] mprotect(+PROT_WRITE) blocked (errno=13: Permission denied); VM_MAYWRITE strip confirmed
     [PASS] pks test
----------------------------------------------------------------------------------------
 Test            pcache_pks=off (Baseline)              pcache_pks=on (Hardware PKS)  
----------------------------------------------------------------------------------------
 fsx             PASS (ops=10000 errors=0)              PASS (ops=10000 errors=0)     
 pks-unit        PASS (ok)                              PASS (ok)                     
 sanity          PASS (note=not_applicable_when_off)    PASS (ok)                     
----------------------------------------------------------------------------------------
 OVERALL: PASS (3/3 leaves passing, 0 failing)
========================================================================================
[WARN] Substrate: TCG emulation (no /dev/kvm). PKS enforcement is emulated; negative controls validate behavior.
[DONE] Preflight recorded (tcg) -> results/preflight.json
========================================================================================
 [sec] PKS Security Evaluation: End-to-End Exploit Neutralization
 Leaves: copy-fail, dirty-frag, fragnesia | Modes: off, on | Executor: qemu
========================================================================================
 [copy-fail-off]      pcache_pks=off  ... PASS (outcome=altered)
 [copy-fail-on]       pcache_pks=on   ... PASS (outcome=intact)
 [dirty-frag-off]     pcache_pks=off  ... PASS (outcome=altered)
 [dirty-frag-on]      pcache_pks=on   ... PASS (outcome=intact)
 [fragnesia-off]      pcache_pks=off  ... PASS (outcome=altered)
 [fragnesia-on]       pcache_pks=on   ... PASS (outcome=fail_closed_panic)
----------------------------------------------------------------------------------------
 Exploit         pcache_pks=off (Baseline)              pcache_pks=on (Hardware PKS)  
----------------------------------------------------------------------------------------
 copy-fail       PASS (altered)                         PASS (intact)                 
 dirty-frag      PASS (altered)                         PASS (intact)                 
 fragnesia       PASS (altered)                         PASS (fail_closed_panic)      
----------------------------------------------------------------------------------------
 OVERALL: PASS (6/6 passing, 0 failing)
========================================================================================
[WARN] Substrate: TCG emulation (no /dev/kvm). PKS enforcement is emulated; negative controls validate behavior.
[DONE] Preflight recorded (tcg) -> results/preflight.json
========================================================================================
 [perf] PKS Performance Evaluation: Micro- & Macrobenchmarks
 Workloads: fio (warm/cold), concurrency, sqlite | Variants: control, off, on
========================================================================================
 [fio-control]        control         ... PASS (iops4k_warm_write=23206.8 lat4k_warm_write_us=33.55 lat4k_warm_read_us=25.28 lat4k_cold_write_us=56.75 alloc_overhead_us=23.2 bw1m_seq_read_kbs=239182.0)
 [concurrency-control] control         ... PASS (bw_1t_mbps=62.5 bw_2t_mbps=47.8 bw_4t_mbps=51.3 scaling_pct=20.5)
 [sqlite-control]     control         ... PASS (tps_syncoff=553.94 tps_syncfull=5.53 lat_syncoff_us=1805.26 lat_syncfull_us=180977.95)
 [fio-off]            off             ... PASS (iops4k_warm_write=22629.83 lat4k_warm_write_us=34.93 lat4k_warm_read_us=26.27 lat4k_cold_write_us=61.24 alloc_overhead_us=26.31 bw1m_seq_read_kbs=206088.0)
 [concurrency-off]    off             ... PASS (bw_1t_mbps=41.5 bw_2t_mbps=51.1 bw_4t_mbps=50.7 scaling_pct=30.5)
 [sqlite-off]         off             ... PASS (tps_syncoff=511.94 tps_syncfull=5.63 lat_syncoff_us=1953.37 lat_syncfull_us=177574.67)
 [fio-on]             on              ... PASS (iops4k_warm_write=5610.96 lat4k_warm_write_us=150.24 lat4k_warm_read_us=26.42 lat4k_cold_write_us=177.16 alloc_overhead_us=26.92 bw1m_seq_read_kbs=201030.0)
 [concurrency-on]     on              ... PASS (bw_1t_mbps=18.9 bw_2t_mbps=14.7 bw_4t_mbps=13.4 scaling_pct=17.7)
 [sqlite-on]          on              ... PASS (tps_syncoff=295.9 tps_syncfull=5.41 lat_syncoff_us=3379.56 lat_syncfull_us=184828.37)

========================================================================================
 Table 1: Fio Latency & Allocation Cost Breakdown
----------------------------------------------------------------------------------------
 Variant      4K Warm (us)     4K Cold (us)     Alloc Delta (us)   4K IOPS      1M Read (MB/s)
----------------------------------------------------------------------------------------
 control      33.55            56.75            23.2               23206.8      233.6       
 off          34.93            61.24            26.31              22629.83     201.3       
 on           150.24           177.16           26.92              5610.96      196.3       
----------------------------------------------------------------------------------------

========================================================================================
 Table 2: High-Level Performance Comparison
----------------------------------------------------------------------------------------
 Benchmark        Metric               Control      Off          On           PKS Overhead (%)
----------------------------------------------------------------------------------------
 fio 4KB warm     Write Lat (us)       33.55        34.93        150.24       +347.81%        
 fio 4KB warm     Read Lat (us)        25.28        26.27        26.42        +4.51%          
 fio 4KB cold     Write Lat (us)       56.75        61.24        177.16       +212.18%        
 concurrency      4-Thread BW (MB/s)   51.3         50.7         13.4         -73.88%         
 sqlite           Tx/s (sync=OFF)      553.94       511.94       295.9        -46.58%         
 sqlite           Tx/s (sync=FULL)     5.53         5.63         5.41         -2.17%          
----------------------------------------------------------------------------------------
 OVERALL: PASS (9/9 benchmark runs completed, 0 failing)
========================================================================================
[INFO] Ingesting performance logs from /home/vmuser/src/env/perf...
[INFO] Wrote 231 tidy records to /home/vmuser/src/env/results/processed/benchmark_summary.csv
[INFO] Generated Figure 1 -> /home/vmuser/src/env/tools/plotting/figures/figure1_amortization_sweep.pdf
[INFO] Generated Figure 2 -> /home/vmuser/src/env/tools/plotting/figures/figure2_cold_vs_warm.pdf
[INFO] Generated Figure 3 -> /home/vmuser/src/env/tools/plotting/figures/figure3_kernel_ablation.pdf
[INFO] Generated Figure 4 -> /home/vmuser/src/env/tools/plotting/figures/figure4_concurrency_scaling.pdf
[INFO] Generated Figure 5 -> /home/vmuser/src/env/tools/plotting/figures/figure5_sqlite_macro.pdf
[INFO] Generated Table 1 -> /home/vmuser/src/env/tools/plotting/figures/table1_tost.md and /home/vmuser/src/env/tools/plotting/figures/table1_tost.tex
[INFO] All thesis figures and tables generated in /home/vmuser/src/env/tools/plotting/figures
