======================================================================
 File System Exerciser (fsx) - PKS Integrity Validation
   Target file:       /tmp/fsx_rootfs.bin
   Max file size:     16777216 bytes (16.00 MB)
   Max op size:       65536 bytes
   Operations:        5000
   Random seed:       1789540496
   MAPWRITE enabled:  YES
   Negative testing:  NO
======================================================================
  Progress: 2500 / 5000 operations completed...
==> Performing final whole-file integrity verification...

======================================================================
 [OK] SUCCESS! All 4995 operations verified with zero mismatches.
 Operation breakdown:
   READ        : 1018
   WRITE       : 973
   TRUNCATE    : 1028
   MAPREAD     : 984
   MAPWRITE    : 992
======================================================================
