================================================================
 PKS Page-Cache Sanity & Subsystem Scoping Test Harness
================================================================
[INFO] Connected to DebugFS: pool [0x170000, 0x180000), scopes=43364

==> [Suite 1] Supported VFS System-Call Scoping Verification
    [PASS] write(2) scoped cleanly (+7 begin, +7 end)
    [PASS] pwrite(2) scoped cleanly (+4 begin, +4 end)
    [PASS] writev(2) scoped cleanly (+2 begin, +2 end)
    [PASS] ftruncate(2) scoped cleanly (+3 begin, +3 end)
    [PASS] fallocate(2) scoped cleanly (+15 begin, +15 end)
    [FAIL] read(2) unexpectedly triggered write-scope toggle (+2)

==> [Suite 2] Static Pool Page-Cache Allocation Verification
    [INFO] Pool PFN range: [0x170000, 0x180000)
    [INFO] Inspected 1024 resident pages: 1024 in static pool, 0 outside
    [PASS] 100% of resident page-cache folios reside strictly in the PKS static pool

==> [Suite 3] Fail-Closed Policy & Rejection Verification
    [PASS] mmap(PROT_WRITE, MAP_SHARED) rejected with -EOPNOTSUPP (Commit 06 policy)
    [FAIL] open(O_DIRECT) did not return EOPNOTSUPP (ret=4, errno=95: Operation not supported)

================================================================
 [FAIL] One or more sanity assertions failed
================================================================
