Formatting '/home/vmuser/src/env/images/disk.img', fmt=raw size=8589934592
Checking that no-one is using this disk right now ... OK

Disk /home/vmuser/src/env/images/disk.img: 8 GiB, 8589934592 bytes, 16777216 sectors
Units: sectors of 1 * 512 = 512 bytes
Sector size (logical/physical): 512 bytes / 512 bytes
I/O size (minimum/optimal): 512 bytes / 512 bytes

>>> Created a new DOS disklabel with disk identifier 0x3fde71b0.
/home/vmuser/src/env/images/disk.img1: Created a new partition 1 of type 'Linux' and of size 6 GiB.
/home/vmuser/src/env/images/disk.img2: Created a new partition 2 of type 'Linux' and of size 2 GiB.
/home/vmuser/src/env/images/disk.img3: Done.

New situation:
Disklabel type: dos
Disk identifier: 0x3fde71b0

Device                                Boot    Start      End  Sectors Size Id Type
/home/vmuser/src/env/images/disk.img1 *        2048 12584959 12582912   6G 83 Linux
/home/vmuser/src/env/images/disk.img2      12584960 16777215  4192256   2G 83 Linux

The partition table has been altered.
Syncing disks.
sudo: unable to resolve host ubuntu: Temporary failure in name resolution
sudo: unable to resolve host ubuntu: Temporary failure in name resolution
sudo: unable to resolve host ubuntu: Temporary failure in name resolution
W: Cannot check Release signature; keyring file not available /usr/share/keyrings/debian-archive-keyring.gpg
I: Retrieving InRelease 
I: Retrieving Packages 
I: Validating Packages 
I: Resolving dependencies of required packages...
I: Resolving dependencies of base packages...
I: Checking component main on http://deb.debian.org/debian...
I: Retrieving adduser 3.134
I: Validating adduser 3.134
I: Retrieving apt 2.6.1
I: Validating apt 2.6.1
I: Retrieving apt-utils 2.6.1
I: Validating apt-utils 2.6.1
I: Retrieving base-files 12.4+deb12u15
I: Validating base-files 12.4+deb12u15
I: Retrieving base-passwd 3.6.1
I: Validating base-passwd 3.6.1
I: Retrieving bash 5.2.15-2+b13
I: Validating bash 5.2.15-2+b13
I: Retrieving bsdutils 1:2.38.1-5+deb12u3
I: Validating bsdutils 1:2.38.1-5+deb12u3
I: Retrieving coreutils 9.1-1
I: Validating coreutils 9.1-1
I: Retrieving cpio 2.13+dfsg-7.1
I: Validating cpio 2.13+dfsg-7.1
I: Retrieving cron 3.0pl1-162
I: Validating cron 3.0pl1-162
I: Retrieving cron-daemon-common 3.0pl1-162
I: Validating cron-daemon-common 3.0pl1-162
I: Retrieving dash 0.5.12-2
I: Validating dash 0.5.12-2
I: Retrieving debconf 1.5.82
I: Validating debconf 1.5.82
I: Retrieving debconf-i18n 1.5.82
I: Validating debconf-i18n 1.5.82
I: Retrieving debian-archive-keyring 2023.3+deb12u2
I: Validating debian-archive-keyring 2023.3+deb12u2
I: Retrieving debianutils 5.7-0.5~deb12u1
I: Validating debianutils 5.7-0.5~deb12u1
I: Retrieving diffutils 1:3.8-4
I: Validating diffutils 1:3.8-4
I: Retrieving dmidecode 3.4-1
I: Validating dmidecode 3.4-1
I: Retrieving dmsetup 2:1.02.185-2
I: Validating dmsetup 2:1.02.185-2
I: Retrieving dpkg 1.21.23
I: Validating dpkg 1.21.23
I: Retrieving e2fsprogs 1.47.0-2+b2
I: Validating e2fsprogs 1.47.0-2+b2
I: Retrieving fdisk 2.38.1-5+deb12u3
I: Validating fdisk 2.38.1-5+deb12u3
I: Retrieving findutils 4.9.0-4
I: Validating findutils 4.9.0-4
I: Retrieving gcc-12-base 12.2.0-14+deb12u1
I: Validating gcc-12-base 12.2.0-14+deb12u1
I: Retrieving gpgv 2.2.40-1.1+deb12u2
I: Validating gpgv 2.2.40-1.1+deb12u2
I: Retrieving grep 3.8-5
I: Validating grep 3.8-5
I: Retrieving gzip 1.12-1
I: Validating gzip 1.12-1
I: Retrieving hostname 3.23+nmu1
I: Validating hostname 3.23+nmu1
I: Retrieving ifupdown 0.8.41
I: Validating ifupdown 0.8.41
I: Retrieving init 1.65.2+deb12u1
I: Validating init 1.65.2+deb12u1
I: Retrieving init-system-helpers 1.65.2+deb12u1
I: Validating init-system-helpers 1.65.2+deb12u1
I: Retrieving iproute2 6.1.0-3
I: Validating iproute2 6.1.0-3
I: Retrieving iputils-ping 3:20221126-1+deb12u1
I: Validating iputils-ping 3:20221126-1+deb12u1
I: Retrieving isc-dhcp-client 4.4.3-P1-2
I: Validating isc-dhcp-client 4.4.3-P1-2
I: Retrieving isc-dhcp-common 4.4.3-P1-2
I: Validating isc-dhcp-common 4.4.3-P1-2
I: Retrieving kmod 30+20221128-1
I: Validating kmod 30+20221128-1
I: Retrieving less 590-2.1~deb12u2
I: Validating less 590-2.1~deb12u2
I: Retrieving libacl1 2.3.1-3
I: Validating libacl1 2.3.1-3
I: Retrieving libapparmor1 3.0.8-3
I: Validating libapparmor1 3.0.8-3
I: Retrieving libapt-pkg6.0 2.6.1
I: Validating libapt-pkg6.0 2.6.1
I: Retrieving libargon2-1 0~20171227-0.3+deb12u1
I: Validating libargon2-1 0~20171227-0.3+deb12u1
I: Retrieving libattr1 1:2.5.1-4
I: Validating libattr1 1:2.5.1-4
I: Retrieving libaudit-common 1:3.0.9-1
I: Validating libaudit-common 1:3.0.9-1
I: Retrieving libaudit1 1:3.0.9-1
I: Validating libaudit1 1:3.0.9-1
I: Retrieving libblkid1 2.38.1-5+deb12u3
I: Validating libblkid1 2.38.1-5+deb12u3
I: Retrieving libbpf1 1:1.1.2-0+deb12u1
I: Validating libbpf1 1:1.1.2-0+deb12u1
I: Retrieving libbsd0 0.11.7-2
I: Validating libbsd0 0.11.7-2
I: Retrieving libbz2-1.0 1.0.8-5+b1
I: Validating libbz2-1.0 1.0.8-5+b1
I: Retrieving libc-bin 2.36-9+deb12u14
I: Validating libc-bin 2.36-9+deb12u14
I: Retrieving libc6 2.36-9+deb12u14
I: Validating libc6 2.36-9+deb12u14
I: Retrieving libcap-ng0 0.8.3-1+b3
I: Validating libcap-ng0 0.8.3-1+b3
I: Retrieving libcap2 1:2.66-4+deb12u3+b1
I: Validating libcap2 1:2.66-4+deb12u3+b1
I: Retrieving libcap2-bin 1:2.66-4+deb12u3+b1
I: Validating libcap2-bin 1:2.66-4+deb12u3+b1
I: Retrieving libcom-err2 1.47.0-2+b2
I: Validating libcom-err2 1.47.0-2+b2
I: Retrieving libcrypt1 1:4.4.33-2
I: Validating libcrypt1 1:4.4.33-2
I: Retrieving libcryptsetup12 2:2.6.1-4~deb12u2
I: Validating libcryptsetup12 2:2.6.1-4~deb12u2
I: Retrieving libdb5.3 5.3.28+dfsg2-1
I: Validating libdb5.3 5.3.28+dfsg2-1
I: Retrieving libdebconfclient0 0.270
I: Validating libdebconfclient0 0.270
I: Retrieving libdevmapper1.02.1 2:1.02.185-2
I: Validating libdevmapper1.02.1 2:1.02.185-2
I: Retrieving libedit2 3.1-20221030-2
I: Validating libedit2 3.1-20221030-2
I: Retrieving libelf1 0.188-2.1
I: Validating libelf1 0.188-2.1
I: Retrieving libext2fs2 1.47.0-2+b2
I: Validating libext2fs2 1.47.0-2+b2
I: Retrieving libfdisk1 2.38.1-5+deb12u3
I: Validating libfdisk1 2.38.1-5+deb12u3
I: Retrieving libffi8 3.4.4-1
I: Validating libffi8 3.4.4-1
I: Retrieving libfile-find-rule-perl 0.34-4~deb12u1
I: Validating libfile-find-rule-perl 0.34-4~deb12u1
I: Retrieving libgcc-s1 12.2.0-14+deb12u1
I: Validating libgcc-s1 12.2.0-14+deb12u1
I: Retrieving libgcrypt20 1.10.1-3+deb12u1
I: Validating libgcrypt20 1.10.1-3+deb12u1
I: Retrieving libgdbm-compat4 1.23-3
I: Validating libgdbm-compat4 1.23-3
I: Retrieving libgdbm6 1.23-3
I: Validating libgdbm6 1.23-3
I: Retrieving libgmp10 2:6.2.1+dfsg1-1.1
I: Validating libgmp10 2:6.2.1+dfsg1-1.1
I: Retrieving libgnutls30 3.7.9-2+deb12u7
I: Validating libgnutls30 3.7.9-2+deb12u7
I: Retrieving libgpg-error0 1.46-1
I: Validating libgpg-error0 1.46-1
I: Retrieving libgssapi-krb5-2 1.20.1-2+deb12u5
I: Validating libgssapi-krb5-2 1.20.1-2+deb12u5
I: Retrieving libhogweed6 3.8.1-2
I: Validating libhogweed6 3.8.1-2
I: Retrieving libidn2-0 2.3.3-1+b1
I: Validating libidn2-0 2.3.3-1+b1
I: Retrieving libip4tc2 1.8.9-2
I: Validating libip4tc2 1.8.9-2
I: Retrieving libjansson4 2.14-2
I: Validating libjansson4 2.14-2
I: Retrieving libjson-c5 0.16-2
I: Validating libjson-c5 0.16-2
I: Retrieving libk5crypto3 1.20.1-2+deb12u5
I: Validating libk5crypto3 1.20.1-2+deb12u5
I: Retrieving libkeyutils1 1.6.3-2
I: Validating libkeyutils1 1.6.3-2
I: Retrieving libkmod2 30+20221128-1
I: Validating libkmod2 30+20221128-1
I: Retrieving libkrb5-3 1.20.1-2+deb12u5
I: Validating libkrb5-3 1.20.1-2+deb12u5
I: Retrieving libkrb5support0 1.20.1-2+deb12u5
I: Validating libkrb5support0 1.20.1-2+deb12u5
I: Retrieving liblocale-gettext-perl 1.07-5
I: Validating liblocale-gettext-perl 1.07-5
I: Retrieving liblz4-1 1.9.4-1
I: Validating liblz4-1 1.9.4-1
I: Retrieving liblzma5 5.4.1-1+deb12u1
I: Validating liblzma5 5.4.1-1+deb12u1
I: Retrieving libmd0 1.0.4-2
I: Validating libmd0 1.0.4-2
I: Retrieving libmnl0 1.0.4-3
I: Validating libmnl0 1.0.4-3
I: Retrieving libmount1 2.38.1-5+deb12u3
I: Validating libmount1 2.38.1-5+deb12u3
I: Retrieving libncursesw6 6.4-4
I: Validating libncursesw6 6.4-4
I: Retrieving libnettle8 3.8.1-2
I: Validating libnettle8 3.8.1-2
I: Retrieving libnewt0.52 0.52.23-1+b1
I: Validating libnewt0.52 0.52.23-1+b1
I: Retrieving libnftables1 1.0.6-2+deb12u2
I: Validating libnftables1 1.0.6-2+deb12u2
I: Retrieving libnftnl11 1.2.4-2
I: Validating libnftnl11 1.2.4-2
I: Retrieving libnumber-compare-perl 0.03-3
I: Validating libnumber-compare-perl 0.03-3
I: Retrieving libp11-kit0 0.24.1-2
I: Validating libp11-kit0 0.24.1-2
I: Retrieving libpam-modules 1.5.2-6+deb12u2
I: Validating libpam-modules 1.5.2-6+deb12u2
I: Retrieving libpam-modules-bin 1.5.2-6+deb12u2
I: Validating libpam-modules-bin 1.5.2-6+deb12u2
I: Retrieving libpam-runtime 1.5.2-6+deb12u2
I: Validating libpam-runtime 1.5.2-6+deb12u2
I: Retrieving libpam0g 1.5.2-6+deb12u2
I: Validating libpam0g 1.5.2-6+deb12u2
I: Retrieving libpcre2-8-0 10.42-1
I: Validating libpcre2-8-0 10.42-1
I: Retrieving libperl5.36 5.36.0-7+deb12u3
I: Validating libperl5.36 5.36.0-7+deb12u3
I: Retrieving libpopt0 1.19+dfsg-1
I: Validating libpopt0 1.19+dfsg-1
I: Retrieving libproc2-0 2:4.0.2-3
I: Validating libproc2-0 2:4.0.2-3
I: Retrieving libreadline8 8.2-1.3
I: Validating libreadline8 8.2-1.3
I: Retrieving libseccomp2 2.5.4-1+deb12u1
I: Validating libseccomp2 2.5.4-1+deb12u1
I: Retrieving libselinux1 3.4-1+b6
I: Validating libselinux1 3.4-1+b6
I: Retrieving libsemanage-common 3.4-1
I: Validating libsemanage-common 3.4-1
I: Retrieving libsemanage2 3.4-1+b5
I: Validating libsemanage2 3.4-1+b5
I: Retrieving libsepol2 3.4-2.1
I: Validating libsepol2 3.4-2.1
I: Retrieving libslang2 2.3.3-3
I: Validating libslang2 2.3.3-3
I: Retrieving libsmartcols1 2.38.1-5+deb12u3
I: Validating libsmartcols1 2.38.1-5+deb12u3
I: Retrieving libss2 1.47.0-2+b2
I: Validating libss2 1.47.0-2+b2
I: Retrieving libssl3 3.0.20-1~deb12u2
I: Validating libssl3 3.0.20-1~deb12u2
I: Retrieving libstdc++6 12.2.0-14+deb12u1
I: Validating libstdc++6 12.2.0-14+deb12u1
I: Retrieving libsystemd-shared 252.39-1~deb12u2
I: Validating libsystemd-shared 252.39-1~deb12u2
I: Retrieving libsystemd0 252.39-1~deb12u2
I: Validating libsystemd0 252.39-1~deb12u2
I: Retrieving libtasn1-6 4.19.0-2+deb12u1
I: Validating libtasn1-6 4.19.0-2+deb12u1
I: Retrieving libtext-charwidth-perl 0.04-11
I: Validating libtext-charwidth-perl 0.04-11
I: Retrieving libtext-glob-perl 0.11-3
I: Validating libtext-glob-perl 0.11-3
I: Retrieving libtext-iconv-perl 1.7-8
I: Validating libtext-iconv-perl 1.7-8
I: Retrieving libtext-wrapi18n-perl 0.06-10
I: Validating libtext-wrapi18n-perl 0.06-10
I: Retrieving libtinfo6 6.4-4
I: Validating libtinfo6 6.4-4
I: Retrieving libtirpc-common 1.3.3+ds-1
I: Validating libtirpc-common 1.3.3+ds-1
I: Retrieving libtirpc3 1.3.3+ds-1
I: Validating libtirpc3 1.3.3+ds-1
I: Retrieving libudev1 252.39-1~deb12u2
I: Validating libudev1 252.39-1~deb12u2
I: Retrieving libunistring2 1.0-2
I: Validating libunistring2 1.0-2
I: Retrieving libuuid1 2.38.1-5+deb12u3
I: Validating libuuid1 2.38.1-5+deb12u3
I: Retrieving libxtables12 1.8.9-2
I: Validating libxtables12 1.8.9-2
I: Retrieving libxxhash0 0.8.1-1
I: Validating libxxhash0 0.8.1-1
I: Retrieving libzstd1 1.5.4+dfsg2-5
I: Validating libzstd1 1.5.4+dfsg2-5
I: Retrieving login 1:4.13+dfsg1-1+deb12u2
I: Validating login 1:4.13+dfsg1-1+deb12u2
I: Retrieving logrotate 3.21.0-1
I: Validating logrotate 3.21.0-1
I: Retrieving logsave 1.47.0-2+b2
I: Validating logsave 1.47.0-2+b2
I: Retrieving mawk 1.3.4.20200120-3.1
I: Validating mawk 1.3.4.20200120-3.1
I: Retrieving mount 2.38.1-5+deb12u3
I: Validating mount 2.38.1-5+deb12u3
I: Retrieving nano 7.2-1+deb12u1
I: Validating nano 7.2-1+deb12u1
I: Retrieving ncurses-base 6.4-4
I: Validating ncurses-base 6.4-4
I: Retrieving ncurses-bin 6.4-4
I: Validating ncurses-bin 6.4-4
I: Retrieving netbase 6.4
I: Validating netbase 6.4
I: Retrieving nftables 1.0.6-2+deb12u2
I: Validating nftables 1.0.6-2+deb12u2
I: Retrieving passwd 1:4.13+dfsg1-1+deb12u2
I: Validating passwd 1:4.13+dfsg1-1+deb12u2
I: Retrieving perl 5.36.0-7+deb12u3
I: Validating perl 5.36.0-7+deb12u3
I: Retrieving perl-base 5.36.0-7+deb12u3
I: Validating perl-base 5.36.0-7+deb12u3
I: Retrieving perl-modules-5.36 5.36.0-7+deb12u3
I: Validating perl-modules-5.36 5.36.0-7+deb12u3
I: Retrieving procps 2:4.0.2-3
I: Validating procps 2:4.0.2-3
I: Retrieving readline-common 8.2-1.3
I: Validating readline-common 8.2-1.3
I: Retrieving sed 4.9-1+deb12u1
I: Validating sed 4.9-1+deb12u1
I: Retrieving sensible-utils 0.0.17+nmu1
I: Validating sensible-utils 0.0.17+nmu1
I: Retrieving systemd 252.39-1~deb12u2
I: Validating systemd 252.39-1~deb12u2
I: Retrieving systemd-sysv 252.39-1~deb12u2
I: Validating systemd-sysv 252.39-1~deb12u2
I: Retrieving sysvinit-utils 3.06-4
I: Validating sysvinit-utils 3.06-4
I: Retrieving tar 1.34+dfsg-1.2+deb12u1
I: Validating tar 1.34+dfsg-1.2+deb12u1
I: Retrieving tasksel 3.73
I: Validating tasksel 3.73
I: Retrieving tasksel-data 3.73
I: Validating tasksel-data 3.73
I: Retrieving tzdata 2026b-0+deb12u1
I: Validating tzdata 2026b-0+deb12u1
I: Retrieving udev 252.39-1~deb12u2
I: Validating udev 252.39-1~deb12u2
I: Retrieving usrmerge 37~deb12u1
I: Validating usrmerge 37~deb12u1
I: Retrieving util-linux 2.38.1-5+deb12u3
I: Validating util-linux 2.38.1-5+deb12u3
I: Retrieving util-linux-extra 2.38.1-5+deb12u3
I: Validating util-linux-extra 2.38.1-5+deb12u3
I: Retrieving vim-common 2:9.0.1378-2+deb12u2
I: Validating vim-common 2:9.0.1378-2+deb12u2
I: Retrieving vim-tiny 2:9.0.1378-2+deb12u2
I: Validating vim-tiny 2:9.0.1378-2+deb12u2
I: Retrieving whiptail 0.52.23-1+b1
I: Validating whiptail 0.52.23-1+b1
I: Retrieving zlib1g 1:1.2.13.dfsg-1
I: Validating zlib1g 1:1.2.13.dfsg-1
I: Chosen extractor for .deb packages: dpkg-deb
I: Extracting adduser...
I: Extracting apt...
I: Extracting base-files...
I: Extracting base-passwd...
I: Extracting bash...
I: Extracting bsdutils...
I: Extracting coreutils...
I: Extracting dash...
I: Extracting debconf...
I: Extracting debian-archive-keyring...
I: Extracting debianutils...
I: Extracting diffutils...
I: Extracting dpkg...
I: Extracting e2fsprogs...
I: Extracting findutils...
I: Extracting gcc-12-base...
I: Extracting gpgv...
I: Extracting grep...
I: Extracting gzip...
I: Extracting hostname...
I: Extracting init-system-helpers...
I: Extracting libacl1...
I: Extracting libapt-pkg6.0...
I: Extracting libattr1...
I: Extracting libaudit-common...
I: Extracting libaudit1...
I: Extracting libblkid1...
I: Extracting libbz2-1.0...
I: Extracting libc-bin...
I: Extracting libc6...
I: Extracting libcap-ng0...
I: Extracting libcap2...
I: Extracting libcom-err2...
I: Extracting libcrypt1...
I: Extracting libdb5.3...
I: Extracting libdebconfclient0...
I: Extracting libext2fs2...
I: Extracting libffi8...
I: Extracting libfile-find-rule-perl...
I: Extracting libgcc-s1...
I: Extracting libgcrypt20...
I: Extracting libgdbm-compat4...
I: Extracting libgdbm6...
I: Extracting libgmp10...
I: Extracting libgnutls30...
I: Extracting libgpg-error0...
I: Extracting libhogweed6...
I: Extracting libidn2-0...
I: Extracting liblz4-1...
I: Extracting liblzma5...
I: Extracting libmd0...
I: Extracting libmount1...
I: Extracting libnettle8...
I: Extracting libnumber-compare-perl...
I: Extracting libp11-kit0...
I: Extracting libpam-modules...
I: Extracting libpam-modules-bin...
I: Extracting libpam-runtime...
I: Extracting libpam0g...
I: Extracting libpcre2-8-0...
I: Extracting libperl5.36...
I: Extracting libseccomp2...
I: Extracting libselinux1...
I: Extracting libsemanage-common...
I: Extracting libsemanage2...
I: Extracting libsepol2...
I: Extracting libsmartcols1...
I: Extracting libss2...
I: Extracting libstdc++6...
I: Extracting libsystemd0...
I: Extracting libtasn1-6...
I: Extracting libtext-glob-perl...
I: Extracting libtinfo6...
I: Extracting libudev1...
I: Extracting libunistring2...
I: Extracting libuuid1...
I: Extracting libxxhash0...
I: Extracting libzstd1...
I: Extracting login...
I: Extracting logsave...
I: Extracting mawk...
I: Extracting mount...
I: Extracting ncurses-base...
I: Extracting ncurses-bin...
I: Extracting passwd...
I: Extracting perl...
I: Extracting perl-base...
I: Extracting perl-modules-5.36...
I: Extracting sed...
I: Extracting sysvinit-utils...
I: Extracting tar...
I: Extracting tzdata...
I: Extracting usrmerge...
I: Extracting util-linux...
I: Extracting util-linux-extra...
I: Extracting zlib1g...
I: Installing core packages...
I: Unpacking required packages...
I: Unpacking adduser...
I: Unpacking apt...
I: Unpacking base-files...
I: Unpacking base-passwd...
I: Unpacking bash...
I: Unpacking bsdutils...
I: Unpacking coreutils...
I: Unpacking dash...
I: Unpacking debconf...
I: Unpacking debian-archive-keyring...
I: Unpacking debianutils...
I: Unpacking diffutils...
I: Unpacking dpkg...
I: Unpacking e2fsprogs...
I: Unpacking findutils...
I: Unpacking gcc-12-base:amd64...
I: Unpacking gpgv...
I: Unpacking grep...
I: Unpacking gzip...
I: Unpacking hostname...
I: Unpacking init-system-helpers...
I: Unpacking libacl1:amd64...
I: Unpacking libapt-pkg6.0:amd64...
I: Unpacking libattr1:amd64...
I: Unpacking libaudit-common...
I: Unpacking libaudit1:amd64...
I: Unpacking libblkid1:amd64...
I: Unpacking libbz2-1.0:amd64...
I: Unpacking libc-bin...
I: Unpacking libc6:amd64...
I: Unpacking libcap-ng0:amd64...
I: Unpacking libcap2:amd64...
I: Unpacking libcom-err2:amd64...
I: Unpacking libcrypt1:amd64...
I: Unpacking libdb5.3:amd64...
I: Unpacking libdebconfclient0:amd64...
I: Unpacking libext2fs2:amd64...
I: Unpacking libffi8:amd64...
I: Unpacking libfile-find-rule-perl...
I: Unpacking libgcc-s1:amd64...
I: Unpacking libgcrypt20:amd64...
I: Unpacking libgdbm-compat4:amd64...
I: Unpacking libgdbm6:amd64...
I: Unpacking libgmp10:amd64...
I: Unpacking libgnutls30:amd64...
I: Unpacking libgpg-error0:amd64...
I: Unpacking libhogweed6:amd64...
I: Unpacking libidn2-0:amd64...
I: Unpacking liblz4-1:amd64...
I: Unpacking liblzma5:amd64...
I: Unpacking libmd0:amd64...
I: Unpacking libmount1:amd64...
I: Unpacking libnettle8:amd64...
I: Unpacking libnumber-compare-perl...
I: Unpacking libp11-kit0:amd64...
I: Unpacking libpam-modules:amd64...
I: Unpacking libpam-modules-bin...
I: Unpacking libpam-runtime...
I: Unpacking libpam0g:amd64...
I: Unpacking libpcre2-8-0:amd64...
I: Unpacking libperl5.36:amd64...
I: Unpacking libseccomp2:amd64...
I: Unpacking libselinux1:amd64...
I: Unpacking libsemanage-common...
I: Unpacking libsemanage2:amd64...
I: Unpacking libsepol2:amd64...
I: Unpacking libsmartcols1:amd64...
I: Unpacking libss2:amd64...
I: Unpacking libstdc++6:amd64...
I: Unpacking libsystemd0:amd64...
I: Unpacking libtasn1-6:amd64...
I: Unpacking libtext-glob-perl...
I: Unpacking libtinfo6:amd64...
I: Unpacking libudev1:amd64...
I: Unpacking libunistring2:amd64...
I: Unpacking libuuid1:amd64...
I: Unpacking libxxhash0:amd64...
I: Unpacking libzstd1:amd64...
I: Unpacking login...
I: Unpacking logsave...
I: Unpacking mawk...
I: Unpacking mount...
I: Unpacking ncurses-base...
I: Unpacking ncurses-bin...
I: Unpacking passwd...
I: Unpacking perl...
I: Unpacking perl-base...
I: Unpacking perl-modules-5.36...
I: Unpacking sed...
I: Unpacking sysvinit-utils...
I: Unpacking tar...
I: Unpacking tzdata...
I: Unpacking usrmerge...
I: Unpacking util-linux...
I: Unpacking util-linux-extra...
I: Unpacking zlib1g:amd64...
I: Configuring required packages...
I: Configuring libtext-glob-perl...
I: Configuring debian-archive-keyring...
I: Configuring libaudit-common...
I: Configuring libsemanage-common...
I: Configuring debconf...
I: Configuring libnumber-compare-perl...
I: Configuring gcc-12-base:amd64...
I: Configuring tzdata...
I: Configuring ncurses-base...
I: Configuring libgcc-s1:amd64...
I: Configuring libc6:amd64...
I: Configuring libudev1:amd64...
I: Configuring libffi8:amd64...
I: Configuring libmd0:amd64...
I: Configuring libxxhash0:amd64...
I: Configuring libattr1:amd64...
I: Configuring sysvinit-utils...
I: Configuring libtasn1-6:amd64...
I: Configuring debianutils...
I: Configuring mawk...
I: Configuring libdebconfclient0:amd64...
I: Configuring base-files...
I: Configuring libbz2-1.0:amd64...
I: Configuring libdb5.3:amd64...
I: Configuring libblkid1:amd64...
I: Configuring libstdc++6:amd64...
I: Configuring libgdbm6:amd64...
I: Configuring libtinfo6:amd64...
I: Configuring bash...
I: Configuring libzstd1:amd64...
I: Configuring liblzma5:amd64...
I: Configuring libgpg-error0:amd64...
I: Configuring liblz4-1:amd64...
I: Configuring libc-bin...
I: Configuring ncurses-bin...
I: Configuring libacl1:amd64...
I: Configuring libunistring2:amd64...
I: Configuring libsmartcols1:amd64...
I: Configuring libgcrypt20:amd64...
I: Configuring zlib1g:amd64...
I: Configuring libcrypt1:amd64...
I: Configuring libidn2-0:amd64...
I: Configuring libcom-err2:amd64...
I: Configuring diffutils...
I: Configuring libseccomp2:amd64...
I: Configuring libcap2:amd64...
I: Configuring hostname...
I: Configuring libcap-ng0:amd64...
I: Configuring libext2fs2:amd64...
I: Configuring libnettle8:amd64...
I: Configuring libgmp10:amd64...
I: Configuring libp11-kit0:amd64...
I: Configuring libaudit1:amd64...
I: Configuring libuuid1:amd64...
I: Configuring libss2:amd64...
I: Configuring libgdbm-compat4:amd64...
I: Configuring libsepol2:amd64...
I: Configuring libpcre2-8-0:amd64...
I: Configuring logsave...
I: Configuring gpgv...
I: Configuring util-linux-extra...
I: Configuring libhogweed6:amd64...
I: Configuring e2fsprogs...
I: Configuring libsystemd0:amd64...
I: Configuring libselinux1:amd64...
I: Configuring libgnutls30:amd64...
I: Configuring libpam0g:amd64...
I: Configuring libapt-pkg6.0:amd64...
I: Configuring sed...
I: Configuring findutils...
I: Configuring libmount1:amd64...
I: Configuring libsemanage2:amd64...
I: Configuring base-passwd...
I: Configuring bsdutils...
I: Configuring tar...
I: Configuring libpam-modules-bin...
I: Configuring coreutils...
I: Configuring util-linux...
I: Configuring dpkg...
I: Configuring mount...
I: Configuring dash...
I: Configuring libpam-modules:amd64...
I: Configuring grep...
I: Configuring perl-base...
I: Configuring perl-modules-5.36...
I: Configuring gzip...
I: Configuring passwd...
I: Configuring libpam-runtime...
I: Configuring libperl5.36:amd64...
I: Configuring login...
I: Configuring adduser...
I: Configuring apt...
I: Configuring perl...
I: Configuring libfile-find-rule-perl...
I: Configuring usrmerge...
I: Configuring init-system-helpers...
I: Configuring libc-bin...
I: Unpacking the base system...
I: Unpacking apt-utils...
I: Unpacking cpio...
I: Unpacking cron...
I: Unpacking debconf-i18n...
I: Unpacking dmidecode...
I: Unpacking fdisk...
I: Unpacking ifupdown...
I: Unpacking init...
I: Unpacking iproute2...
I: Unpacking iputils-ping...
I: Unpacking isc-dhcp-client...
I: Unpacking isc-dhcp-common...
I: Unpacking kmod...
I: Unpacking less...
I: Unpacking libbpf1:amd64...
I: Unpacking libbsd0:amd64...
I: Unpacking libcap2-bin...
I: Unpacking libedit2:amd64...
I: Unpacking libelf1:amd64...
I: Unpacking libgssapi-krb5-2:amd64...
I: Unpacking libjansson4:amd64...
I: Unpacking libk5crypto3:amd64...
I: Unpacking libkeyutils1:amd64...
I: Unpacking libkrb5-3:amd64...
I: Unpacking libkrb5support0:amd64...
I: Unpacking liblocale-gettext-perl...
I: Unpacking libmnl0:amd64...
I: Unpacking libncursesw6:amd64...
I: Unpacking libnewt0.52:amd64...
I: Unpacking libnftables1:amd64...
I: Unpacking libnftnl11:amd64...
I: Unpacking libpopt0:amd64...
I: Unpacking libproc2-0:amd64...
I: Unpacking libreadline8:amd64...
I: Unpacking libslang2:amd64...
I: Unpacking libtext-charwidth-perl:amd64...
I: Unpacking libtext-iconv-perl:amd64...
I: Unpacking libtext-wrapi18n-perl...
I: Unpacking libtirpc-common...
I: Unpacking libtirpc3:amd64...
I: Unpacking libxtables12:amd64...
I: Unpacking logrotate...
I: Unpacking nano...
I: Unpacking netbase...
I: Unpacking nftables...
I: Unpacking procps...
I: Unpacking readline-common...
I: Unpacking sensible-utils...
I: Unpacking tasksel...
I: Unpacking tasksel-data...
I: Unpacking udev...
I: Unpacking vim-common...
I: Unpacking vim-tiny...
I: Unpacking whiptail...
I: Configuring the base system...
I: Configuring cpio...
I: Configuring libtext-iconv-perl:amd64...
I: Configuring libtext-charwidth-perl:amd64...
I: Configuring libkeyutils1:amd64...
I: Configuring apt-utils...
I: Configuring init...
I: Configuring libtirpc-common...
I: Configuring less...
I: Configuring kmod...
I: Configuring libtext-wrapi18n-perl...
I: Configuring libjansson4:amd64...
I: Configuring libkrb5support0:amd64...
I: Configuring libcap2-bin...
I: Configuring vim-common...
I: Configuring libslang2:amd64...
I: Configuring libproc2-0:amd64...
I: Configuring libmnl0:amd64...
I: Configuring udev...
I: Configuring libncursesw6:amd64...
I: Configuring libk5crypto3:amd64...
I: Configuring libxtables12:amd64...
I: Configuring nano...
I: Configuring sensible-utils...
I: Configuring procps...
I: Configuring netbase...
I: Configuring isc-dhcp-common...
I: Configuring libkrb5-3:amd64...
I: Configuring dmidecode...
I: Configuring libbsd0:amd64...
I: Configuring libelf1:amd64...
I: Configuring iputils-ping...
I: Configuring readline-common...
I: Configuring liblocale-gettext-perl...
I: Configuring libbpf1:amd64...
I: Configuring libpopt0:amd64...
I: Configuring logrotate...
I: Configuring libnewt0.52:amd64...
I: Configuring libedit2:amd64...
I: Configuring libreadline8:amd64...
I: Configuring cron...
I: Configuring debconf-i18n...
I: Configuring libnftnl11:amd64...
I: Configuring vim-tiny...
I: Configuring fdisk...
I: Configuring libgssapi-krb5-2:amd64...
I: Configuring whiptail...
I: Configuring libtirpc3:amd64...
I: Configuring libnftables1:amd64...
I: Configuring nftables...
I: Configuring iproute2...
I: Configuring isc-dhcp-client...
I: Configuring ifupdown...
I: Configuring tasksel...
I: Configuring tasksel-data...
I: Configuring libc-bin...
I: Base system installed successfully.
sudo: unable to resolve host ubuntu: Temporary failure in name resolution
E: Can not write log (Is /dev/pts mounted?) - posix_openpt (19: No such device)
Selecting previously unselected package libpython3.11-minimal:amd64.
(Reading database ... 10779 files and directories currently installed.)
Preparing to unpack .../libpython3.11-minimal_3.11.2-6+deb12u8_amd64.deb ...
Unpacking libpython3.11-minimal:amd64 (3.11.2-6+deb12u8) ...
Selecting previously unselected package libexpat1:amd64.
Preparing to unpack .../libexpat1_2.5.0-1+deb12u2_amd64.deb ...
Unpacking libexpat1:amd64 (2.5.0-1+deb12u2) ...
Selecting previously unselected package python3.11-minimal.
Preparing to unpack .../python3.11-minimal_3.11.2-6+deb12u8_amd64.deb ...
Unpacking python3.11-minimal (3.11.2-6+deb12u8) ...
Setting up libpython3.11-minimal:amd64 (3.11.2-6+deb12u8) ...
Setting up libexpat1:amd64 (2.5.0-1+deb12u2) ...
Setting up python3.11-minimal (3.11.2-6+deb12u8) ...
Selecting previously unselected package python3-minimal.
(Reading database ... 11094 files and directories currently installed.)
Preparing to unpack .../0-python3-minimal_3.11.2-1+b1_amd64.deb ...
Unpacking python3-minimal (3.11.2-1+b1) ...
Selecting previously unselected package media-types.
Preparing to unpack .../1-media-types_10.0.0_all.deb ...
Unpacking media-types (10.0.0) ...
Selecting previously unselected package libnsl2:amd64.
Preparing to unpack .../2-libnsl2_1.3.0-2_amd64.deb ...
Unpacking libnsl2:amd64 (1.3.0-2) ...
Selecting previously unselected package libsqlite3-0:amd64.
Preparing to unpack .../3-libsqlite3-0_3.40.1-2+deb12u2_amd64.deb ...
Unpacking libsqlite3-0:amd64 (3.40.1-2+deb12u2) ...
Selecting previously unselected package libpython3.11-stdlib:amd64.
Preparing to unpack .../4-libpython3.11-stdlib_3.11.2-6+deb12u8_amd64.deb ...
Unpacking libpython3.11-stdlib:amd64 (3.11.2-6+deb12u8) ...
Selecting previously unselected package python3.11.
Preparing to unpack .../5-python3.11_3.11.2-6+deb12u8_amd64.deb ...
Unpacking python3.11 (3.11.2-6+deb12u8) ...
Selecting previously unselected package libpython3-stdlib:amd64.
Preparing to unpack .../6-libpython3-stdlib_3.11.2-1+b1_amd64.deb ...
Unpacking libpython3-stdlib:amd64 (3.11.2-1+b1) ...
Setting up python3-minimal (3.11.2-1+b1) ...
Selecting previously unselected package python3.
(Reading database ... 11517 files and directories currently installed.)
Preparing to unpack .../00-python3_3.11.2-1+b1_amd64.deb ...
Unpacking python3 (3.11.2-1+b1) ...
Selecting previously unselected package sudo.
Preparing to unpack .../01-sudo_1.9.13p3-1+deb12u4_amd64.deb ...
Unpacking sudo (1.9.13p3-1+deb12u4) ...
Selecting previously unselected package bzip2.
Preparing to unpack .../02-bzip2_1.0.8-5+b1_amd64.deb ...
Unpacking bzip2 (1.0.8-5+b1) ...
Selecting previously unselected package xz-utils.
Preparing to unpack .../03-xz-utils_5.4.1-1+deb12u1_amd64.deb ...
Unpacking xz-utils (5.4.1-1+deb12u1) ...
Selecting previously unselected package binutils-common:amd64.
Preparing to unpack .../04-binutils-common_2.40-2_amd64.deb ...
Unpacking binutils-common:amd64 (2.40-2) ...
Selecting previously unselected package libbinutils:amd64.
Preparing to unpack .../05-libbinutils_2.40-2_amd64.deb ...
Unpacking libbinutils:amd64 (2.40-2) ...
Selecting previously unselected package libctf-nobfd0:amd64.
Preparing to unpack .../06-libctf-nobfd0_2.40-2_amd64.deb ...
Unpacking libctf-nobfd0:amd64 (2.40-2) ...
Selecting previously unselected package libctf0:amd64.
Preparing to unpack .../07-libctf0_2.40-2_amd64.deb ...
Unpacking libctf0:amd64 (2.40-2) ...
Selecting previously unselected package libgprofng0:amd64.
Preparing to unpack .../08-libgprofng0_2.40-2_amd64.deb ...
Unpacking libgprofng0:amd64 (2.40-2) ...
Selecting previously unselected package binutils-x86-64-linux-gnu.
Preparing to unpack .../09-binutils-x86-64-linux-gnu_2.40-2_amd64.deb ...
Unpacking binutils-x86-64-linux-gnu (2.40-2) ...
Selecting previously unselected package binutils.
Preparing to unpack .../10-binutils_2.40-2_amd64.deb ...
Unpacking binutils (2.40-2) ...
Selecting previously unselected package libc-dev-bin.
Preparing to unpack .../11-libc-dev-bin_2.36-9+deb12u14_amd64.deb ...
Unpacking libc-dev-bin (2.36-9+deb12u14) ...
Selecting previously unselected package linux-libc-dev:amd64.
Preparing to unpack .../12-linux-libc-dev_6.1.176-1_amd64.deb ...
Unpacking linux-libc-dev:amd64 (6.1.176-1) ...
Selecting previously unselected package libcrypt-dev:amd64.
Preparing to unpack .../13-libcrypt-dev_1%3a4.4.33-2_amd64.deb ...
Unpacking libcrypt-dev:amd64 (1:4.4.33-2) ...
Selecting previously unselected package libtirpc-dev:amd64.
Preparing to unpack .../14-libtirpc-dev_1.3.3+ds-1_amd64.deb ...
Unpacking libtirpc-dev:amd64 (1.3.3+ds-1) ...
Selecting previously unselected package libnsl-dev:amd64.
Preparing to unpack .../15-libnsl-dev_1.3.0-2_amd64.deb ...
Unpacking libnsl-dev:amd64 (1.3.0-2) ...
Selecting previously unselected package rpcsvc-proto.
Preparing to unpack .../16-rpcsvc-proto_1.4.3-1_amd64.deb ...
Unpacking rpcsvc-proto (1.4.3-1) ...
Selecting previously unselected package libc6-dev:amd64.
Preparing to unpack .../17-libc6-dev_2.36-9+deb12u14_amd64.deb ...
Unpacking libc6-dev:amd64 (2.36-9+deb12u14) ...
Selecting previously unselected package libisl23:amd64.
Preparing to unpack .../18-libisl23_0.25-1.1_amd64.deb ...
Unpacking libisl23:amd64 (0.25-1.1) ...
Selecting previously unselected package libmpfr6:amd64.
Preparing to unpack .../19-libmpfr6_4.2.0-1_amd64.deb ...
Unpacking libmpfr6:amd64 (4.2.0-1) ...
Selecting previously unselected package libmpc3:amd64.
Preparing to unpack .../20-libmpc3_1.3.1-1_amd64.deb ...
Unpacking libmpc3:amd64 (1.3.1-1) ...
Selecting previously unselected package cpp-12.
Preparing to unpack .../21-cpp-12_12.2.0-14+deb12u1_amd64.deb ...
Unpacking cpp-12 (12.2.0-14+deb12u1) ...
Selecting previously unselected package cpp.
Preparing to unpack .../22-cpp_4%3a12.2.0-3_amd64.deb ...
Unpacking cpp (4:12.2.0-3) ...
Selecting previously unselected package libcc1-0:amd64.
Preparing to unpack .../23-libcc1-0_12.2.0-14+deb12u1_amd64.deb ...
Unpacking libcc1-0:amd64 (12.2.0-14+deb12u1) ...
Selecting previously unselected package libgomp1:amd64.
Preparing to unpack .../24-libgomp1_12.2.0-14+deb12u1_amd64.deb ...
Unpacking libgomp1:amd64 (12.2.0-14+deb12u1) ...
Selecting previously unselected package libitm1:amd64.
Preparing to unpack .../25-libitm1_12.2.0-14+deb12u1_amd64.deb ...
Unpacking libitm1:amd64 (12.2.0-14+deb12u1) ...
Selecting previously unselected package libatomic1:amd64.
Preparing to unpack .../26-libatomic1_12.2.0-14+deb12u1_amd64.deb ...
Unpacking libatomic1:amd64 (12.2.0-14+deb12u1) ...
Selecting previously unselected package libasan8:amd64.
Preparing to unpack .../27-libasan8_12.2.0-14+deb12u1_amd64.deb ...
Unpacking libasan8:amd64 (12.2.0-14+deb12u1) ...
Selecting previously unselected package liblsan0:amd64.
Preparing to unpack .../28-liblsan0_12.2.0-14+deb12u1_amd64.deb ...
Unpacking liblsan0:amd64 (12.2.0-14+deb12u1) ...
Selecting previously unselected package libtsan2:amd64.
Preparing to unpack .../29-libtsan2_12.2.0-14+deb12u1_amd64.deb ...
Unpacking libtsan2:amd64 (12.2.0-14+deb12u1) ...
Selecting previously unselected package libubsan1:amd64.
Preparing to unpack .../30-libubsan1_12.2.0-14+deb12u1_amd64.deb ...
Unpacking libubsan1:amd64 (12.2.0-14+deb12u1) ...
Selecting previously unselected package libquadmath0:amd64.
Preparing to unpack .../31-libquadmath0_12.2.0-14+deb12u1_amd64.deb ...
Unpacking libquadmath0:amd64 (12.2.0-14+deb12u1) ...
Selecting previously unselected package libgcc-12-dev:amd64.
Preparing to unpack .../32-libgcc-12-dev_12.2.0-14+deb12u1_amd64.deb ...
Unpacking libgcc-12-dev:amd64 (12.2.0-14+deb12u1) ...
Selecting previously unselected package gcc-12.
Preparing to unpack .../33-gcc-12_12.2.0-14+deb12u1_amd64.deb ...
Unpacking gcc-12 (12.2.0-14+deb12u1) ...
Selecting previously unselected package gcc.
Preparing to unpack .../34-gcc_4%3a12.2.0-3_amd64.deb ...
Unpacking gcc (4:12.2.0-3) ...
Selecting previously unselected package libstdc++-12-dev:amd64.
Preparing to unpack .../35-libstdc++-12-dev_12.2.0-14+deb12u1_amd64.deb ...
Unpacking libstdc++-12-dev:amd64 (12.2.0-14+deb12u1) ...
Selecting previously unselected package g++-12.
Preparing to unpack .../36-g++-12_12.2.0-14+deb12u1_amd64.deb ...
Unpacking g++-12 (12.2.0-14+deb12u1) ...
Selecting previously unselected package g++.
Preparing to unpack .../37-g++_4%3a12.2.0-3_amd64.deb ...
Unpacking g++ (4:12.2.0-3) ...
Selecting previously unselected package make.
Preparing to unpack .../38-make_4.3-4.1_amd64.deb ...
Unpacking make (4.3-4.1) ...
Selecting previously unselected package libdpkg-perl.
Preparing to unpack .../39-libdpkg-perl_1.21.23_all.deb ...
Unpacking libdpkg-perl (1.21.23) ...
Selecting previously unselected package patch.
Preparing to unpack .../40-patch_2.7.6-7_amd64.deb ...
Unpacking patch (2.7.6-7) ...
Selecting previously unselected package dpkg-dev.
Preparing to unpack .../41-dpkg-dev_1.21.23_all.deb ...
Unpacking dpkg-dev (1.21.23) ...
Selecting previously unselected package build-essential.
Preparing to unpack .../42-build-essential_12.9_amd64.deb ...
Unpacking build-essential (12.9) ...
Selecting previously unselected package libaio1:amd64.
Preparing to unpack .../43-libaio1_0.3.113-4_amd64.deb ...
Unpacking libaio1:amd64 (0.3.113-4) ...
Selecting previously unselected package libgfxdr0:amd64.
Preparing to unpack .../44-libgfxdr0_10.3-5_amd64.deb ...
Unpacking libgfxdr0:amd64 (10.3-5) ...
Selecting previously unselected package libglusterfs0:amd64.
Preparing to unpack .../45-libglusterfs0_10.3-5_amd64.deb ...
Unpacking libglusterfs0:amd64 (10.3-5) ...
Selecting previously unselected package libgfrpc0:amd64.
Preparing to unpack .../46-libgfrpc0_10.3-5_amd64.deb ...
Unpacking libgfrpc0:amd64 (10.3-5) ...
Selecting previously unselected package libgfapi0:amd64.
Preparing to unpack .../47-libgfapi0_10.3-5_amd64.deb ...
Unpacking libgfapi0:amd64 (10.3-5) ...
Selecting previously unselected package libnl-3-200:amd64.
Preparing to unpack .../48-libnl-3-200_3.7.0-0.2+b1_amd64.deb ...
Unpacking libnl-3-200:amd64 (3.7.0-0.2+b1) ...
Selecting previously unselected package libnl-route-3-200:amd64.
Preparing to unpack .../49-libnl-route-3-200_3.7.0-0.2+b1_amd64.deb ...
Unpacking libnl-route-3-200:amd64 (3.7.0-0.2+b1) ...
Selecting previously unselected package libibverbs1:amd64.
Preparing to unpack .../50-libibverbs1_44.0-2_amd64.deb ...
Unpacking libibverbs1:amd64 (44.0-2) ...
Selecting previously unselected package libicu72:amd64.
Preparing to unpack .../51-libicu72_72.1-3+deb12u1_amd64.deb ...
Unpacking libicu72:amd64 (72.1-3+deb12u1) ...
Selecting previously unselected package libxml2:amd64.
Preparing to unpack .../52-libxml2_2.9.14+dfsg-1.3~deb12u6_amd64.deb ...
Unpacking libxml2:amd64 (2.9.14+dfsg-1.3~deb12u6) ...
Selecting previously unselected package libnbd0.
Preparing to unpack .../53-libnbd0_1.14.2-1_amd64.deb ...
Unpacking libnbd0 (1.14.2-1) ...
Selecting previously unselected package libnuma1:amd64.
Preparing to unpack .../54-libnuma1_2.0.16-1_amd64.deb ...
Unpacking libnuma1:amd64 (2.0.16-1) ...
Selecting previously unselected package libdaxctl1:amd64.
Preparing to unpack .../55-libdaxctl1_76.1-1_amd64.deb ...
Unpacking libdaxctl1:amd64 (76.1-1) ...
Selecting previously unselected package libndctl6:amd64.
Preparing to unpack .../56-libndctl6_76.1-1_amd64.deb ...
Unpacking libndctl6:amd64 (76.1-1) ...
Selecting previously unselected package libpmem1:amd64.
Preparing to unpack .../57-libpmem1_1.12.1-2_amd64.deb ...
Unpacking libpmem1:amd64 (1.12.1-2) ...
Selecting previously unselected package libpmemblk1:amd64.
Preparing to unpack .../58-libpmemblk1_1.12.1-2_amd64.deb ...
Unpacking libpmemblk1:amd64 (1.12.1-2) ...
Selecting previously unselected package libboost-iostreams1.74.0:amd64.
Preparing to unpack .../59-libboost-iostreams1.74.0_1.74.0+ds1-21_amd64.deb ...
Unpacking libboost-iostreams1.74.0:amd64 (1.74.0+ds1-21) ...
Selecting previously unselected package libboost-thread1.74.0:amd64.
Preparing to unpack .../60-libboost-thread1.74.0_1.74.0+ds1-21_amd64.deb ...
Unpacking libboost-thread1.74.0:amd64 (1.74.0+ds1-21) ...
Selecting previously unselected package libfmt9:amd64.
Preparing to unpack .../61-libfmt9_9.1.0+ds1-2_amd64.deb ...
Unpacking libfmt9:amd64 (9.1.0+ds1-2) ...
Selecting previously unselected package librdmacm1:amd64.
Preparing to unpack .../62-librdmacm1_44.0-2_amd64.deb ...
Unpacking librdmacm1:amd64 (44.0-2) ...
Selecting previously unselected package librados2.
Preparing to unpack .../63-librados2_16.2.15+ds-0+deb12u2_amd64.deb ...
Unpacking librados2 (16.2.15+ds-0+deb12u2) ...
Selecting previously unselected package librbd1.
Preparing to unpack .../64-librbd1_16.2.15+ds-0+deb12u2_amd64.deb ...
Unpacking librbd1 (16.2.15+ds-0+deb12u2) ...
Selecting previously unselected package fio.
Preparing to unpack .../65-fio_3.33-3_amd64.deb ...
Unpacking fio (3.33-3) ...
Selecting previously unselected package libcap-dev:amd64.
Preparing to unpack .../66-libcap-dev_1%3a2.66-4+deb12u3+b1_amd64.deb ...
Unpacking libcap-dev:amd64 (1:2.66-4+deb12u3+b1) ...
Selecting previously unselected package libsqlite3-dev:amd64.
Preparing to unpack .../67-libsqlite3-dev_3.40.1-2+deb12u2_amd64.deb ...
Unpacking libsqlite3-dev:amd64 (3.40.1-2+deb12u2) ...
Selecting previously unselected package sqlite3.
Preparing to unpack .../68-sqlite3_3.40.1-2+deb12u2_amd64.deb ...
Unpacking sqlite3 (3.40.1-2+deb12u2) ...
Setting up media-types (10.0.0) ...
Setting up libicu72:amd64 (72.1-3+deb12u1) ...
Setting up libboost-iostreams1.74.0:amd64 (1.74.0+ds1-21) ...
Setting up libsqlite3-0:amd64 (3.40.1-2+deb12u2) ...
Setting up binutils-common:amd64 (2.40-2) ...
Setting up linux-libc-dev:amd64 (6.1.176-1) ...
Setting up libctf-nobfd0:amd64 (2.40-2) ...
Setting up libgomp1:amd64 (12.2.0-14+deb12u1) ...
Setting up bzip2 (1.0.8-5+b1) ...
Setting up libglusterfs0:amd64 (10.3-5) ...
Setting up libtirpc-dev:amd64 (1.3.3+ds-1) ...
Setting up rpcsvc-proto (1.4.3-1) ...
Setting up make (4.3-4.1) ...
Setting up libmpfr6:amd64 (4.2.0-1) ...
Setting up xz-utils (5.4.1-1+deb12u1) ...
update-alternatives: using /usr/bin/xz to provide /usr/bin/lzma (lzma) in auto mode
Setting up libquadmath0:amd64 (12.2.0-14+deb12u1) ...
Setting up libmpc3:amd64 (1.3.1-1) ...
Setting up libatomic1:amd64 (12.2.0-14+deb12u1) ...
Setting up patch (2.7.6-7) ...
Setting up sudo (1.9.13p3-1+deb12u4) ...
Running in chroot, ignoring request.
Setting up libdaxctl1:amd64 (76.1-1) ...
Setting up libdpkg-perl (1.21.23) ...
Setting up libfmt9:amd64 (9.1.0+ds1-2) ...
Setting up libubsan1:amd64 (12.2.0-14+deb12u1) ...
Setting up libnuma1:amd64 (2.0.16-1) ...
Setting up libcrypt-dev:amd64 (1:4.4.33-2) ...
Setting up libasan8:amd64 (12.2.0-14+deb12u1) ...
Setting up libnsl2:amd64 (1.3.0-2) ...
Setting up libnl-3-200:amd64 (3.7.0-0.2+b1) ...
Setting up libndctl6:amd64 (76.1-1) ...
Setting up libtsan2:amd64 (12.2.0-14+deb12u1) ...
Setting up libbinutils:amd64 (2.40-2) ...
Setting up libisl23:amd64 (0.25-1.1) ...
Setting up libaio1:amd64 (0.3.113-4) ...
Setting up libc-dev-bin (2.36-9+deb12u14) ...
Setting up libpmem1:amd64 (1.12.1-2) ...
Setting up libcap-dev:amd64 (1:2.66-4+deb12u3+b1) ...
Setting up libxml2:amd64 (2.9.14+dfsg-1.3~deb12u6) ...
Setting up libcc1-0:amd64 (12.2.0-14+deb12u1) ...
Setting up sqlite3 (3.40.1-2+deb12u2) ...
Setting up liblsan0:amd64 (12.2.0-14+deb12u1) ...
Setting up libitm1:amd64 (12.2.0-14+deb12u1) ...
Setting up libgfxdr0:amd64 (10.3-5) ...
Setting up libboost-thread1.74.0:amd64 (1.74.0+ds1-21) ...
Setting up libctf0:amd64 (2.40-2) ...
Setting up cpp-12 (12.2.0-14+deb12u1) ...
Setting up libpython3.11-stdlib:amd64 (3.11.2-6+deb12u8) ...
Setting up libnbd0 (1.14.2-1) ...
Setting up libnl-route-3-200:amd64 (3.7.0-0.2+b1) ...
Setting up libgprofng0:amd64 (2.40-2) ...
Setting up libgcc-12-dev:amd64 (12.2.0-14+deb12u1) ...
Setting up libpmemblk1:amd64 (1.12.1-2) ...
Setting up libnsl-dev:amd64 (1.3.0-2) ...
Setting up cpp (4:12.2.0-3) ...
Setting up libc6-dev:amd64 (2.36-9+deb12u14) ...
Setting up libgfrpc0:amd64 (10.3-5) ...
Setting up libpython3-stdlib:amd64 (3.11.2-1+b1) ...
Setting up binutils-x86-64-linux-gnu (2.40-2) ...
Setting up python3.11 (3.11.2-6+deb12u8) ...
Setting up libibverbs1:amd64 (44.0-2) ...
Setting up libstdc++-12-dev:amd64 (12.2.0-14+deb12u1) ...
Setting up python3 (3.11.2-1+b1) ...
Setting up binutils (2.40-2) ...
Setting up dpkg-dev (1.21.23) ...
Setting up libsqlite3-dev:amd64 (3.40.1-2+deb12u2) ...
Setting up gcc-12 (12.2.0-14+deb12u1) ...
Setting up libgfapi0:amd64 (10.3-5) ...
Setting up g++-12 (12.2.0-14+deb12u1) ...
Setting up librdmacm1:amd64 (44.0-2) ...
Setting up librados2 (16.2.15+ds-0+deb12u2) ...
Setting up gcc (4:12.2.0-3) ...
Setting up librbd1 (16.2.15+ds-0+deb12u2) ...
Setting up g++ (4:12.2.0-3) ...
update-alternatives: using /usr/bin/g++ to provide /usr/bin/c++ (c++) in auto mode
Setting up build-essential (12.9) ...
Setting up fio (3.33-3) ...
Processing triggers for systemd (252.39-1~deb12u2) ...
Processing triggers for libc-bin (2.36-9+deb12u14) ...
