[RUN]	check_defaults
[OK]
[RUN]	single
[OK]
[RUN]	context_switch
do_context_switch: Child: running on cpu 0...
do_context_switch: Child: Tell parent to go
do_context_switch: Child: Waiting for parent...
do_context_switch: Child: Checking result
do_context_switch: Child: Result (P) PASS
U
[Sep29 15:49] pks_test:debug_session:95: Allocated session ctx 0000000000000000; unlock 0; crash 0; last test FAIL
[  +0.000590] pks_test:pks_write_file:635: Begin...
[  +0.000124] pks_test:pks_write_file:657: check defaults test: 0x55555564
[  +0.000093] pks_test:check_pkey_settings:501: cpu 1 0x55555564
[  +0.000707] pks_test:check_pkey_settings:501: cpu 0 0x55555564
[  +0.000382] pks_test:check_pkey_settings:501: cpu 2 0x55555564
[  +0.000736] pks_test:check_pkey_settings:501: cpu 3 0x55555564
[  +0.000182] pks_test:pks_write_file:694: Clearing crash test arm
[  +0.000064] pks_test:debug_result:107: Test complete [0]: PASS
[  +0.001122] pks_test:debug_session:95: Freeing session ctx 0000000000000000; unlock 0; crash 0; last test PASS
[  +0.000776] pks_test:debug_session:95: Allocated session ctx 0000000000000000; unlock 0; crash 0; last test FAIL
[  +0.000049] pks_test:pks_write_file:635: Begin...
[  +0.000029] pks_test:pks_write_file:661: Single key
[  +0.000147] pks_test:debug_context:79: Context allocated [1] DEADBEEF <-> 00000000bfe58cf2
[  +0.002912] pks_test:set_ctx_data:371: Setting context data; 00000000449d5d89
[  +0.000420] pks_test:pks_test_fault_callback:200: PKS Fault callback: ctx 00000000449d5d89
[  +0.001393] pks_test:pks_test_fault_callback:200: PKS Fault callback: ctx 00000000449d5d89
[  +0.000120] pks_test:pks_write_file:694: Clearing crash test arm
[  +0.000028] pks_test:debug_result:107: Test complete [1]: PASS
[  +0.000085] pks_test:debug_session:95: Freeing session ctx 00000000449d5d89; unlock 0; crash 0; last test PASS
[  +0.013284] pks_test:debug_session:95: Allocated session ctx 0000000000000000; unlock 0; crash 0; last test FAIL
[  +0.014020] pks_test:pks_write_file:635: Begin...
[  +0.000052] pks_test:pks_write_file:661: Single key
[  +0.000072] pks_test:debug_context:79: Context allocated [1] DEADBEEF <-> 00000000686cce9e
[  +0.000022] pks_test:set_ctx_data:371: Setting context data; 000000006ab1fd14
[  +0.000025] pks_test:pks_test_fault_callback:200: PKS Fault callback: ctx 000000006ab1fd14
[  +0.000076] pks_test:pks_test_fault_callback:200: PKS Fault callback: ctx 000000006ab1fd14
[  +0.000064] pks_test:pks_write_file:694: Clearing crash test arm
[  +0.000027] pks_test:debug_result:107: Test complete [1]: PASS
[  +0.000070] pks_test:pks_write_file:635: Begin...
[  +0.000030] pks_test:pks_write_file:665: Arming Context switch test
[  +0.000066] pks_test:debug_context:79: Context allocated [1] DEADBEEF <-> 00000000fcd65fe4
[  +0.000051] pks_test:set_ctx_data:368: Context data already set
[  +0.000080] pks_test:set_ctx_data:371: Setting context data; 000000002c036320
[  +0.000047] pks_test:pks_write_file:694: Clearing crash test arm
[  +0.000029] pks_test:debug_result:107: Test complete [2]: PASS
[  +0.001010] pks_test:debug_session:95: Allocated session ctx 0000000000000000; unlock 0; crash 0; last test FAIL
[  +0.000953] pks_test:pks_write_file:635: Begin...
[  +0.000020] pks_test:pks_write_file:661: Single key
[  +0.000052] pks_test:debug_context:79: Context allocated [1] DEADBEEF <-> 00000000e3ffeec2
[  +0.000857] pks_test:set_ctx_data:371: Setting context data; 000000006ab1fd14
[  +0.000041] pks_test:pks_test_fault_callback:200: PKS Fault callback: ctx 000000006ab1fd14
[  +0.000065] pks_test:pks_test_fault_callback:200: PKS Fault callback: ctx 000000006ab1fd14
[  +0.000075] pks_test:pks_write_file:694: Clearing crash test arm
[  +0.000028] pks_test:debug_result:107: Test complete [1]: PASS
[  +0.000828] pks_test:pks_write_file:635: Begin...
[  +0.000052] pks_test:pks_write_file:669: Checking Context switch test
[  +0.000050] pks_test:pks_write_file:694: Clearing crash test arm
[  +0.000017] pks_test:debug_result:107: Test complete [3]: PASS
[  +0.001792] pks_test:debug_session:95: Freeing session ctx 000000006ab1fd14; unlock 0; crash 0; last test PASS
[  +0.001698] pks_test:debug_session:95: Allocated session ctx 0000000000000000; unlock 0; crash 0; last test FAIL
[  +0.000055] pks_test:pks_write_file:635: Begin...
[  +0.000056] pks_test:pks_write_file:673: Exception checking
[  +0.000055] pks_test:debug_context:79: Context allocated [1] DEADBEEF <-> 000000004b2ab23c
[  +0.000054] pks_test:set_ctx_data:371: Setting context data; 000000006ab1fd14
[  +0.001225] pks_test:pks_test_fault_callback:200: PKS Fault callback: ctx 000000006ab1fd14
[  +0.001574] pks_test:pks_write_file:694: Clearing crash test arm
[  +0.000042] pks_test:debug_result:107: Test complete [4]: PASS
[  +0.000089] pks_test:debug_session:95: Freeing session ctx 000000006ab1fd14; unlock 0; crash 0; last test PASS
[  +0.000219] pks_test:debug_session:95: Allocated session ctx 0000000000000000; unlock 0; crash 0; last test FAIL
[  +0.000041] pks_test:pks_write_file:635: Begin...
[  +0.000035] pks_test:pks_write_file:677: Fault clear test
[  +0.000063] pks_test:debug_context:79: Context allocated [1] DEADBEEF <-> 000000002bc88e06
[  +0.001217] pks_test:set_ctx_data:371: Setting context data; 000000006ab1fd14
[  +0.000100] pks_test:pks_test_fault_callback:200: PKS Fault callback: ctx 000000006ab1fd14
[  +0.000045] pks_test:handle_update_exception:171: Updating pkey 1 during exception
[  +0.001029] pks_test:pks_write_file:694: Clearing crash test arm
[  +0.000238] pks_test:debug_result:107: Test complete [5]: PASS
[  +0.000075] pks_test:debug_session:95: Freeing session ctx 000000006ab1fd14; unlock 0; crash 0; last test PASS
[  +0.000207] pks_test:debug_session:95: Allocated session ctx 0000000000000000; unlock 0; crash 0; last test FAIL
[  +0.000041] pks_test:pks_write_file:635: Begin...
[  +0.000037] pks_test:pks_write_file:687: Unknown test
[  +0.000611] pks_test:pks_write_file:694: Clearing crash test arm
[  +0.000035] pks_test:debug_result:107: Test complete [6]: FAIL
[  +0.000651] pks_test:debug_session:95: Freeing session ctx 000000002c036320; unlock 0; crash 0; last test PASS
[  +0.007192] pks_test:debug_session:95: Freeing session ctx 0000000000000000; unlock 0; crash 0; last test FAIL
do_context_switch: Parent: Waiting for child
do_context_switch: Parent: running on cpu 0
do_context_switch: Parent: Signaling child
do_context_switch: Parent: exiting with rc (P) 0
[OK]
[RUN]	exception
[OK]
[RUN]	exception_update
[OK]
[RUN]	run_all
[SKIP] Test not supported
	Debug output command (approximate start time):
		dmesg -H --since '2026-9-29 15:49:8' | grep pks_test
