======================================================================
 File System Exerciser (fsx) - PKS Integrity Validation
   Target file:       /tmp/fsx_rootfs.bin
   Max file size:     16777216 bytes (16.00 MB)
   Max op size:       65536 bytes
   Operations:        5000
   Random seed:       1789794298
   MAPWRITE enabled:  YES
   Negative testing:  NO
======================================================================
  Progress: 2500 / 5000 operations completed...
==> Performing final whole-file integrity verification...

======================================================================
 [OK] SUCCESS! All 4986 operations verified with zero mismatches.
 Operation breakdown:
   READ        : 915
   WRITE       : 1010
   TRUNCATE    : 1044
   MAPREAD     : 991
   MAPWRITE    : 1026
======================================================================
