[   59.404897] pks-autorun.sh[226]:  [PKS AUTORUN] Triggered with mode: compliance
[   59.418555] pks-autorun.sh[226]: ================================================================
[   62.079140] EXT4-fs (vda2): mounted filesystem with ordered data mode. Quota mode: none.
[   62.206959] pks-autorun.sh[226]: --> [PKS AUTORUN] Executing Consolidated Compliance Suite (Single-Boot)...
[   62.505248] pks-autorun.sh[226]: === [1/3] PKS In-Kernel Self-Test ===
[   63.913923] pks-autorun.sh[244]: ================================================================
[   63.925762] pks-autorun.sh[244]:  In-Kernel PKS Self-Test Suite (debugfs)
[   63.939521] pks-autorun.sh[244]: ================================================================
[   68.486990] pks-autorun.sh[250]: ================================================================
[   68.519561] pks-autorun.sh[250]:  PKS Page-Cache Sanity & Subsystem Scoping Test Harness
[   68.531907] pks-autorun.sh[250]: ================================================================
[   68.539729] pks-autorun.sh[250]: [INFO] Connected to DebugFS: pool [0x170000, 0x180000), scopes=44521
[   68.552408] pks-autorun.sh[250]: ==> [Suite 1] Supported VFS System-Call Scoping Verification
[   68.563233] pks-autorun.sh[250]:     [PASS] write(2) scoped cleanly (+6 begin, +6 end)
[   68.573302] pks-autorun.sh[250]:     [PASS] pwrite(2) scoped cleanly (+3 begin, +3 end)
[   68.584416] pks-autorun.sh[250]:     [PASS] writev(2) scoped cleanly (+6 begin, +6 end)
[   68.593657] pks-autorun.sh[250]:     [PASS] ftruncate(2) scoped cleanly (+6 begin, +6 end)
[   68.602442] pks-autorun.sh[250]:     [PASS] fallocate(2) scoped cleanly (+16 begin, +16 end)
[   68.611022] pks-autorun.sh[250]:     [FAIL] read(2) unexpectedly triggered write-scope toggle (+3)
[   68.624556] pks-autorun.sh[250]: ==> [Suite 2] Static Pool Page-Cache Allocation Verification
[   68.634811] pks-autorun.sh[250]:     [INFO] Pool PFN range: [0x170000, 0x180000)
[   68.646866] pks-autorun.sh[250]:     [INFO] Inspected 1024 resident pages: 1024 in static pool, 0 outside
[   68.653715] pks-autorun.sh[250]:     [PASS] 100% of resident page-cache folios reside strictly in the PKS static pool
[   68.666973] pks-autorun.sh[250]: ==> [Suite 3] Fail-Closed Policy & Rejection Verification
[   68.678409] pks-autorun.sh[250]:     [PASS] mmap(PROT_WRITE, MAP_SHARED) rejected with -EOPNOTSUPP (Commit 06 policy)
[   68.690192] pks-autorun.sh[250]:     [FAIL] open(O_DIRECT) did not return EOPNOTSUPP (ret=4, errno=95: Operation not supported)
[   68.699188] pks-autorun.sh[250]: ================================================================
[   68.706927] pks-autorun.sh[250]:  [FAIL] One or more sanity assertions failed
[   68.716502] pks-autorun.sh[250]: ================================================================
[   69.155783] pks-autorun.sh[244]: [INFO] Running upstream compiled test_pks selftest...
[   69.192498] pks-autorun.sh[252]: [RUN]	check_defaults
[   69.203190] pks-autorun.sh[252]: [OK]
[   69.215666] pks-autorun.sh[252]: [RUN]	single
[   69.224622] pks-autorun.sh[252]: [OK]
[   69.234420] pks-autorun.sh[252]: [RUN]	context_switch
[   69.240517] pks-autorun.sh[252]: do_context_switch: Child: running on cpu 0...
[   69.250463] pks-autorun.sh[252]: do_context_switch: Child: Tell parent to go
[   69.259731] pks-autorun.sh[252]: do_context_switch: Child: Waiting for parent...
[   69.270559] pks-autorun.sh[252]: do_context_switch: Child: Checking result
[   69.279624] pks-autorun.sh[252]: do_context_switch: Child: Result (P) PASS
[   69.288644] pks-autorun.sh[252]: U
[   70.400638] pks-autorun.sh[252]: [Sep19 05:04] pks_test:debug_session:95: Allocated session ctx 0000000000000000; unlock 0; crash 0; last test FAIL
[   70.412184] pks-autorun.sh[252]: [  +0.001004] pks_test:pks_write_file:635: Begin...
[   70.418519] pks-autorun.sh[252]: [  +0.001766] pks_test:pks_write_file:657: check defaults test: 0x55555564
[   70.427779] pks-autorun.sh[252]: [  +0.000075] pks_test:check_pkey_settings:501: cpu 3 0x55555564
[   70.438918] pks-autorun.sh[252]: [  +0.000333] pks_test:check_pkey_settings:501: cpu 1 0x55555564
[   70.447312] pks-autorun.sh[252]: [  +0.000478] pks_test:check_pkey_settings:501: cpu 0 0x55555564
[   70.457566] pks-autorun.sh[252]: [  +0.001334] pks_test:check_pkey_settings:501: cpu 2 0x55555564
[   70.467731] pks-autorun.sh[252]: [  +0.002192] pks_test:pks_write_file:694: Clearing crash test arm
[   70.476430] pks-autorun.sh[252]: [  +0.000052] pks_test:debug_result:107: Test complete [0]: PASS
[   70.488683] pks-autorun.sh[252]: [  +0.000243] pks_test:debug_session:95: Freeing session ctx 0000000000000000; unlock 0; crash 0; last test PASS
[   70.495814] pks-autorun.sh[252]: [  +0.002889] pks_test:debug_session:95: Allocated session ctx 0000000000000000; unlock 0; crash 0; last test FAIL
[   70.504373] pks-autorun.sh[252]: [  +0.000094] pks_test:pks_write_file:635: Begin...
[   70.517242] pks-autorun.sh[252]: [  +0.000047] pks_test:pks_write_file:661: Single key
[   70.532485] pks-autorun.sh[252]: [  +0.000134] pks_test:debug_context:79: Context allocated [1] DEADBEEF <-> 00000000a293d954
[   70.544513] pks-autorun.sh[252]: [  +0.000057] pks_test:set_ctx_data:371: Setting context data; 00000000670f5349
[   70.554448] pks-autorun.sh[252]: [  +0.002432] pks_test:pks_test_fault_callback:200: PKS Fault callback: ctx 00000000670f5349
[   70.563547] pks-autorun.sh[252]: [  +0.000271] pks_test:pks_test_fault_callback:200: PKS Fault callback: ctx 00000000670f5349
[   70.576995] pks-autorun.sh[252]: [  +0.000087] pks_test:pks_write_file:694: Clearing crash test arm
[   70.585996] pks-autorun.sh[252]: [  +0.000021] pks_test:debug_result:107: Test complete [1]: PASS
[   70.602492] pks-autorun.sh[252]: [  +0.000118] pks_test:debug_session:95: Freeing session ctx 00000000670f5349; unlock 0; crash 0; last test PASS
[   70.617513] pks-autorun.sh[252]: [  +0.014941] pks_test:debug_session:95: Allocated session ctx 0000000000000000; unlock 0; crash 0; last test FAIL
[   70.629513] pks-autorun.sh[252]: [  +0.020245] pks_test:pks_write_file:635: Begin...
[   70.643013] pks-autorun.sh[252]: [  +0.000042] pks_test:pks_write_file:661: Single key
[   70.652964] pks-autorun.sh[252]: [  +0.000051] pks_test:debug_context:79: Context allocated [1] DEADBEEF <-> 000000005a4b7f0d
[   70.659480] pks-autorun.sh[252]: [  +0.000016] pks_test:set_ctx_data:371: Setting context data; 00000000c1cd7f2a
[   70.680989] pks-autorun.sh[252]: [  +0.000022] pks_test:pks_test_fault_callback:200: PKS Fault callback: ctx 00000000c1cd7f2a
[   70.691981] pks-autorun.sh[252]: [  +0.000044] pks_test:pks_test_fault_callback:200: PKS Fault callback: ctx 00000000c1cd7f2a
[   70.703954] pks-autorun.sh[252]: [  +0.000045] pks_test:pks_write_file:694: Clearing crash test arm
[   70.717017] pks-autorun.sh[252]: [  +0.000019] pks_test:debug_result:107: Test complete [1]: PASS
[   70.729136] pks-autorun.sh[252]: [  +0.000080] pks_test:pks_write_file:635: Begin...
[   70.735580] pks-autorun.sh[252]: [  +0.000034] pks_test:pks_write_file:665: Arming Context switch test
[   70.744599] pks-autorun.sh[252]: [  +0.000048] pks_test:debug_context:79: Context allocated [1] DEADBEEF <-> 00000000e83ed5fb
[   70.752773] pks-autorun.sh[252]: [  +0.000031] pks_test:set_ctx_data:368: Context data already set
[   70.760649] pks-autorun.sh[252]: [  +0.000046] pks_test:set_ctx_data:371: Setting context data; 000000004fceca5f
[   70.772241] pks-autorun.sh[252]: [  +0.001963] pks_test:pks_write_file:694: Clearing crash test arm
[   70.778336] pks-autorun.sh[252]: [  +0.000036] pks_test:debug_result:107: Test complete [2]: PASS
[   70.787908] pks-autorun.sh[252]: [  +0.002559] pks_test:debug_session:95: Allocated session ctx 0000000000000000; unlock 0; crash 0; last test FAIL
[   70.795634] pks-autorun.sh[252]: [  +0.000118] pks_test:pks_write_file:635: Begin...
[   70.803341] pks-autorun.sh[252]: [  +0.000027] pks_test:pks_write_file:661: Single key
[   70.812262] pks-autorun.sh[252]: [  +0.000046] pks_test:debug_context:79: Context allocated [1] DEADBEEF <-> 0000000039562db8
[   70.821308] pks-autorun.sh[252]: [  +0.000016] pks_test:set_ctx_data:371: Setting context data; 00000000c1cd7f2a
[   70.829360] pks-autorun.sh[252]: [  +0.000020] pks_test:pks_test_fault_callback:200: PKS Fault callback: ctx 00000000c1cd7f2a
[   70.838607] pks-autorun.sh[252]: [  +0.000895] pks_test:pks_test_fault_callback:200: PKS Fault callback: ctx 00000000c1cd7f2a
[   70.847363] pks-autorun.sh[252]: [  +0.000061] pks_test:pks_write_file:694: Clearing crash test arm
[   70.856420] pks-autorun.sh[252]: [  +0.000021] pks_test:debug_result:107: Test complete [1]: PASS
[   70.868937] pks-autorun.sh[252]: [  +0.005303] pks_test:pks_write_file:635: Begin...
[   70.876782] pks-autorun.sh[252]: [  +0.000053] pks_test:pks_write_file:669: Checking Context switch test
[   70.885487] pks-autorun.sh[252]: [  +0.000045] pks_test:pks_write_file:694: Clearing crash test arm
[   70.895000] pks-autorun.sh[252]: [  +0.000010] pks_test:debug_result:107: Test complete [3]: PASS
[   70.904429] pks-autorun.sh[252]: [  +0.002955] pks_test:debug_session:95: Freeing session ctx 00000000c1cd7f2a; unlock 0; crash 0; last test PASS
[   70.910716] pks-autorun.sh[252]: [  +0.000288] pks_test:debug_session:95: Allocated session ctx 0000000000000000; unlock 0; crash 0; last test FAIL
[   70.921801] pks-autorun.sh[252]: [  +0.000087] pks_test:pks_write_file:635: Begin...
[   70.928541] pks-autorun.sh[252]: [  +0.001936] pks_test:pks_write_file:673: Exception checking
[   70.937599] pks-autorun.sh[252]: [  +0.000070] pks_test:debug_context:79: Context allocated [1] DEADBEEF <-> 00000000cdf7a997
[   70.946561] pks-autorun.sh[252]: [  +0.000031] pks_test:set_ctx_data:371: Setting context data; 00000000c1cd7f2a
[   70.953464] pks-autorun.sh[252]: [  +0.000077] pks_test:pks_test_fault_callback:200: PKS Fault callback: ctx 00000000c1cd7f2a
[   70.962636] pks-autorun.sh[252]: [  +0.000214] pks_test:pks_write_file:694: Clearing crash test arm
[   70.971745] pks-autorun.sh[252]: [  +0.000022] pks_test:debug_result:107: Test complete [4]: PASS
[   70.983822] pks-autorun.sh[252]: [  +0.001712] pks_test:debug_session:95: Freeing session ctx 00000000c1cd7f2a; unlock 0; crash 0; last test PASS
[   70.996798] pks-autorun.sh[252]: [  +0.001123] pks_test:debug_session:95: Allocated session ctx 0000000000000000; unlock 0; crash 0; last test FAIL
[   71.005617] pks-autorun.sh[252]: [  +0.000115] pks_test:pks_write_file:635: Begin...
[   71.017578] pks-autorun.sh[252]: [  +0.004273] pks_test:debug_session:95: Freeing session ctx 000000004fceca5f; unlock 0; crash 0; last test PASS
[   71.028644] pks-autorun.sh[252]: [  +0.011444] pks_test:pks_write_file:677: Fault clear test
[   71.046014] pks-autorun.sh[252]: [  +0.000082] pks_test:debug_context:79: Context allocated [1] DEADBEEF <-> 000000006fe37626
[   71.057084] pks-autorun.sh[252]: [  +0.000030] pks_test:set_ctx_data:371: Setting context data; 000000004fceca5f
[   71.069398] pks-autorun.sh[252]: [  +0.000057] pks_test:pks_test_fault_callback:200: PKS Fault callback: ctx 000000004fceca5f
[   71.081521] pks-autorun.sh[252]: [  +0.000032] pks_test:handle_update_exception:171: Updating pkey 1 during exception
[   71.092261] pks-autorun.sh[252]: [  +0.000120] pks_test:pks_write_file:694: Clearing crash test arm
[   71.102440] pks-autorun.sh[252]: [  +0.000021] pks_test:debug_result:107: Test complete [5]: PASS
[   71.118135] pks-autorun.sh[252]: [  +0.000111] pks_test:debug_session:95: Freeing session ctx 000000004fceca5f; unlock 0; crash 0; last test PASS
[   71.127501] pks-autorun.sh[252]: [  +0.002594] pks_test:debug_session:95: Allocated session ctx 0000000000000000; unlock 0; crash 0; last test FAIL
[   71.150197] pks-autorun.sh[252]: [  +0.000106] pks_test:pks_write_file:635: Begin...
[   71.164975] pks-autorun.sh[252]: [  +0.000044] pks_test:pks_write_file:687: Unknown test
[   71.175984] pks-autorun.sh[252]: [  +0.000025] pks_test:pks_write_file:694: Clearing crash test arm
[   71.186798] pks-autorun.sh[252]: [  +0.000010] pks_test:debug_result:107: Test complete [6]: FAIL
[   71.195917] pks-autorun.sh[252]: [  +0.000091] pks_test:debug_session:95: Freeing session ctx 0000000000000000; unlock 0; crash 0; last test FAIL
[   71.206625] pks-autorun.sh[252]: do_context_switch: Parent: Waiting for child
[   71.219293] pks-autorun.sh[252]: do_context_switch: Parent: running on cpu 0
[   71.228692] pks-autorun.sh[252]: do_context_switch: Parent: Signaling child
[   71.237586] pks-autorun.sh[252]: do_context_switch: Parent: exiting with rc (P) 0
[   71.246341] pks-autorun.sh[252]: [OK]
[   71.256938] pks-autorun.sh[252]: [RUN]	exception
[   71.264860] pks-autorun.sh[252]: [OK]
[   71.273440] pks-autorun.sh[252]: [RUN]	exception_update
[   71.285811] pks-autorun.sh[252]: [OK]
[   71.293475] pks-autorun.sh[252]: [RUN]	run_all
[   71.305407] pks-autorun.sh[252]: [SKIP] Test not supported
[   71.315194] pks-autorun.sh[252]: 	Debug output command (approximate start time):
[   71.323558] pks-autorun.sh[252]: 		dmesg -H --since '2026-9-19 5:4:46' | grep pks_test
[   71.355690] pks-autorun.sh[244]: --- Kernel Debug Log (dmesg) ---
[   71.379469] pks-autorun.sh[259]: [   68.807034] pks_test:pks_write_file:669: Checking Context switch test
[   71.393207] pks-autorun.sh[259]: [   68.807079] pks_test:pks_write_file:694: Clearing crash test arm
[   71.402148] pks-autorun.sh[259]: [   68.807089] pks_test:debug_result:107: Test complete [3]: PASS
[   71.409704] pks-autorun.sh[259]: [   68.810044] pks_test:debug_session:95: Freeing session ctx 00000000c1cd7f2a; unlock 0; crash 0; last test PASS
[   71.418969] pks-autorun.sh[259]: [   68.810332] pks_test:debug_session:95: Allocated session ctx 0000000000000000; unlock 0; crash 0; last test FAIL
[   71.429214] pks-autorun.sh[259]: [   68.810419] pks_test:pks_write_file:635: Begin...
[   71.435372] pks-autorun.sh[259]: [   68.812355] pks_test:pks_write_file:673: Exception checking
[   71.446625] pks-autorun.sh[259]: [   68.812425] pks_test:debug_context:79: Context allocated [1] DEADBEEF <-> 00000000cdf7a997
[   71.455544] pks-autorun.sh[259]: [   68.812456] pks_test:set_ctx_data:371: Setting context data; 00000000c1cd7f2a
[   71.467939] pks-autorun.sh[259]: [   68.812533] pks_test:pks_test_fault_callback:200: PKS Fault callback: ctx 00000000c1cd7f2a
[   71.477334] pks-autorun.sh[259]: [   68.812747] pks_test:pks_write_file:694: Clearing crash test arm
[   71.486798] pks-autorun.sh[259]: [   68.812769] pks_test:debug_result:107: Test complete [4]: PASS
[   71.494760] pks-autorun.sh[259]: [   68.814481] pks_test:debug_session:95: Freeing session ctx 00000000c1cd7f2a; unlock 0; crash 0; last test PASS
[   71.504712] pks-autorun.sh[259]: [   68.815604] pks_test:debug_session:95: Allocated session ctx 0000000000000000; unlock 0; crash 0; last test FAIL
[   71.512717] pks-autorun.sh[259]: [   68.815719] pks_test:pks_write_file:635: Begin...
[   71.523181] pks-autorun.sh[259]: [   68.819992] pks_test:debug_session:95: Freeing session ctx 000000004fceca5f; unlock 0; crash 0; last test PASS
[   71.535824] pks-autorun.sh[259]: [   68.831436] pks_test:pks_write_file:677: Fault clear test
[   71.548946] pks-autorun.sh[259]: [   68.831518] pks_test:debug_context:79: Context allocated [1] DEADBEEF <-> 000000006fe37626
[   71.558799] pks-autorun.sh[259]: [   68.831548] pks_test:set_ctx_data:371: Setting context data; 000000004fceca5f
[   71.566582] pks-autorun.sh[259]: [   68.831605] pks_test:pks_test_fault_callback:200: PKS Fault callback: ctx 000000004fceca5f
[   71.579202] pks-autorun.sh[259]: [   68.831637] pks_test:handle_update_exception:171: Updating pkey 1 during exception
[   71.585411] pks-autorun.sh[259]: [   68.831757] pks_test:pks_write_file:694: Clearing crash test arm
[   71.594665] pks-autorun.sh[259]: [   68.831778] pks_test:debug_result:107: Test complete [5]: PASS
[   71.603371] pks-autorun.sh[259]: [   68.831889] pks_test:debug_session:95: Freeing session ctx 000000004fceca5f; unlock 0; crash 0; last test PASS
[   71.618622] pks-autorun.sh[259]: [   68.834483] pks_test:debug_session:95: Allocated session ctx 0000000000000000; unlock 0; crash 0; last test FAIL
[   71.630492] pks-autorun.sh[259]: [   68.834589] pks_test:pks_write_file:635: Begin...
[   71.638526] pks-autorun.sh[259]: [   68.834633] pks_test:pks_write_file:687: Unknown test
[   71.649451] pks-autorun.sh[259]: [   68.834658] pks_test:pks_write_file:694: Clearing crash test arm
[   71.663020] pks-autorun.sh[259]: [   68.834668] pks_test:debug_result:107: Test complete [6]: FAIL
[   71.669013] pks-autorun.sh[259]: [   68.834759] pks_test:debug_session:95: Freeing session ctx 0000000000000000; unlock 0; crash 0; last test FAIL
[   71.684970] pks-autorun.sh[244]: --------------------------------
[   72.496362] pks-autorun.sh[244]: [WARN] One or more PKS unit/sanity tests failed (rc=1)
[   72.534284] pks-autorun.sh[226]: === [2/3] File System Exerciser (fsx) ===
[   74.016261] pks-autorun.sh[263]: ================================================================
[   74.035421] pks-autorun.sh[263]:  File System Exerciser (fsx) - Automated PKS Test Suite
[   74.045622] pks-autorun.sh[263]: ================================================================
[   76.188125] pks-autorun.sh[263]: [OK]   Protected mount active: /mnt/protected with 'pks_pagecache'
[   76.196711] pks-autorun.sh[263]:  Test | Description                                | Result
[   76.205507] pks-autorun.sh[263]: ------------------------------------------------------------------
[  428.965205] pks-autorun.sh[263]:  1    | Rootfs vanilla ext4 (5K ops, all features) | [PASS]
         Starting [0;1;39msystemd-tmpfiles-…leanup of Temporary Directories...
[[0;32m  OK  [0m] Finished [0;1;39msystemd-tmpfiles-… Cleanup of Temporary Directories.
[ 1169.472753] pks-autorun.sh[263]:  2    | Protected mount in-scope (10K ops, 64MB)   | [PASS]
[ 1170.537971] pks-autorun.sh[263]:  3    | Commit 06 policy (verify -EOPNOTSUPP mmap) | [PASS]
[ 1170.549677] pks-autorun.sh[263]: ------------------------------------------------------------------
[ 1170.556516] pks-autorun.sh[263]:  Summary: 3 / 3 test phases passed
[ 1171.646701] pks-autorun.sh[263]: [OK]   All fsx filesystem exerciser tests passed without data corruption.
[ 1171.685392] pks-autorun.sh[226]: === [3/3] POSIX Compliance Tests (pjdfstest) ===
[ 1188.439895] pks-autorun.sh[303]: tests/chown/00.t: 21: cd: can't cd to pjdfstest_4b99d2fef3f299b80acdb2c64c1ccf3d
[ 1192.417160] pks-autorun.sh[303]: tests/chown/00.t: 1: //pjdfstest: Permission denied
[ 1203.136427] pks-autorun.sh[303]: tests/chown/00.t: 1: //pjdfstest: Permission denied
[ 1213.750137] pks-autorun.sh[303]: tests/chown/00.t: 1: //pjdfstest: Permission denied
[ 1224.674794] pks-autorun.sh[303]: tests/chown/00.t: 1: //pjdfstest: Permission denied
[ 1235.367929] pks-autorun.sh[303]: tests/chown/00.t: 1: //pjdfstest: Permission denied
[ 1246.102283] pks-autorun.sh[303]: tests/chown/00.t: 1: //pjdfstest: Permission denied
[ 1253.680709] hrtimer: interrupt took 3083993 ns
[ 1260.978326] pks-autorun.sh[303]: tests/chown/00.t: 1: //pjdfstest: Permission denied
[ 1279.475212] pks-autorun.sh[303]: tests/chown/00.t: 1: //pjdfstest: Permission denied
[ 1298.103642] pks-autorun.sh[303]: tests/chown/00.t: 1: //pjdfstest: Permission denied
[ 1316.561364] pks-autorun.sh[303]: tests/chown/00.t: 1: //pjdfstest: Permission denied
[ 1335.121022] pks-autorun.sh[303]: tests/chown/00.t: 1: //pjdfstest: Permission denied
[ 1354.504270] pks-autorun.sh[303]: tests/chown/00.t: 1: //pjdfstest: Permission denied
[ 1414.663565] kworker/dying (69) used greatest stack depth: 13080 bytes left
[ 1760.480991] pks-autorun.sh[303]: tests/chown/00.t: 1: //pjdfstest: Permission denied
[ 1763.655444] pks-autorun.sh[303]: tests/chown/00.t: 1: //pjdfstest: Permission denied
[ 1763.778675] pks-autorun.sh[303]: tests/chown/00.t: 1: //pjdfstest: Permission denied
[ 1766.064007] pks-autorun.sh[303]: tests/chown/00.t: 1: //pjdfstest: Permission denied
[ 1766.708628] pks-autorun.sh[303]: tests/chown/00.t: 1: //pjdfstest: Permission denied
[ 1769.190570] pks-autorun.sh[303]: tests/chown/00.t: 1: //pjdfstest: Permission denied
[ 1769.199876] pks-autorun.sh[303]: tests/chown/00.t: 1: //pjdfstest: Permission denied
[ 1771.739427] pks-autorun.sh[303]: tests/chown/00.t: 1: //pjdfstest: Permission denied
[ 1773.643628] pks-autorun.sh[303]: tests/chown/00.t: 1: //pjdfstest: Permission denied
[ 1776.093554] pks-autorun.sh[303]: tests/chown/00.t: 1: //pjdfstest: Permission denied
[ 1776.105953] pks-autorun.sh[303]: tests/chown/00.t: 1: //pjdfstest: Permission denied
[ 1778.695773] pks-autorun.sh[303]: tests/chown/00.t: 1: //pjdfstest: Permission denied
[ 1779.956351] pks-autorun.sh[303]: tests/chown/00.t: 1: //pjdfstest: Permission denied
[ 1782.487008] pks-autorun.sh[303]: tests/chown/00.t: 1: //pjdfstest: Permission denied
[ 1782.496644] pks-autorun.sh[303]: tests/chown/00.t: 1: //pjdfstest: Permission denied
[ 1784.994244] pks-autorun.sh[303]: tests/chown/00.t: 1: //pjdfstest: Permission denied
[ 1785.591282] pks-autorun.sh[303]: tests/chown/00.t: 1: //pjdfstest: Permission denied
[ 1788.187585] pks-autorun.sh[303]: tests/chown/00.t: 1: //pjdfstest: Permission denied
[ 1788.199922] pks-autorun.sh[303]: tests/chown/00.t: 1: //pjdfstest: Permission denied
[ 1790.658748] pks-autorun.sh[303]: tests/chown/00.t: 1: //pjdfstest: Permission denied
[ 1792.559086] pks-autorun.sh[303]: tests/chown/00.t: 1: //pjdfstest: Permission denied
[ 1795.146726] pks-autorun.sh[303]: tests/chown/00.t: 1: //pjdfstest: Permission denied
[ 1795.158841] pks-autorun.sh[303]: tests/chown/00.t: 1: //pjdfstest: Permission denied
[ 1797.748342] pks-autorun.sh[303]: tests/chown/00.t: 1: //pjdfstest: Permission denied
[ 1798.983893] pks-autorun.sh[303]: tests/chown/00.t: 1: //pjdfstest: Permission denied
[ 1801.467918] pks-autorun.sh[303]: tests/chown/00.t: 1: //pjdfstest: Permission denied
[ 1801.477419] pks-autorun.sh[303]: tests/chown/00.t: 1: //pjdfstest: Permission denied
[ 1803.975171] pks-autorun.sh[303]: tests/chown/00.t: 1: //pjdfstest: Permission denied
[ 1804.617203] pks-autorun.sh[303]: tests/chown/00.t: 1: //pjdfstest: Permission denied
[ 1807.150731] pks-autorun.sh[303]: tests/chown/00.t: 1: //pjdfstest: Permission denied
[ 1807.164718] pks-autorun.sh[303]: tests/chown/00.t: 1: //pjdfstest: Permission denied
[ 1809.661401] pks-autorun.sh[303]: tests/chown/00.t: 1: //pjdfstest: Permission denied
[ 1811.642544] pks-autorun.sh[303]: tests/chown/00.t: 1: //pjdfstest: Permission denied
[ 1814.229470] pks-autorun.sh[303]: tests/chown/00.t: 1: //pjdfstest: Permission denied
[ 1814.249629] pks-autorun.sh[303]: tests/chown/00.t: 1: //pjdfstest: Permission denied
[ 1816.828645] pks-autorun.sh[303]: tests/chown/00.t: 1: //pjdfstest: Permission denied
[ 1818.113069] pks-autorun.sh[303]: tests/chown/00.t: 1: //pjdfstest: Permission denied
[ 1820.572304] pks-autorun.sh[303]: tests/chown/00.t: 1: //pjdfstest: Permission denied
[ 1820.586253] pks-autorun.sh[303]: tests/chown/00.t: 1: //pjdfstest: Permission denied
[ 1823.107897] pks-autorun.sh[303]: tests/chown/00.t: 1: //pjdfstest: Permission denied
[ 1823.719746] pks-autorun.sh[303]: tests/chown/00.t: 1: //pjdfstest: Permission denied
[ 1826.197393] pks-autorun.sh[303]: tests/chown/00.t: 1: //pjdfstest: Permission denied
[ 1826.208780] pks-autorun.sh[303]: tests/chown/00.t: 1: //pjdfstest: Permission denied
[ 1828.708790] pks-autorun.sh[303]: tests/chown/00.t: 1: //pjdfstest: Permission denied
[ 1831.054294] pks-autorun.sh[303]: tests/chown/00.t: 1: //pjdfstest: Permission denied
[ 1833.596467] pks-autorun.sh[303]: tests/chown/00.t: 1: //pjdfstest: Permission denied
[ 1833.606235] pks-autorun.sh[303]: tests/chown/00.t: 1: //pjdfstest: Permission denied
[ 1836.115835] pks-autorun.sh[303]: tests/chown/00.t: 1: //pjdfstest: Permission denied
[ 1837.355961] pks-autorun.sh[303]: tests/chown/00.t: 1: //pjdfstest: Permission denied
[ 1839.929727] pks-autorun.sh[303]: tests/chown/00.t: 1: //pjdfstest: Permission denied
[ 1839.942815] pks-autorun.sh[303]: tests/chown/00.t: 1: //pjdfstest: Permission denied
[ 1842.439428] pks-autorun.sh[303]: tests/chown/00.t: 1: //pjdfstest: Permission denied
[ 1843.086230] pks-autorun.sh[303]: tests/chown/00.t: 1: //pjdfstest: Permission denied
[ 1845.685843] pks-autorun.sh[303]: tests/chown/00.t: 1: //pjdfstest: Permission denied
[ 1845.696448] pks-autorun.sh[303]: tests/chown/00.t: 1: //pjdfstest: Permission denied
[ 1848.216768] pks-autorun.sh[303]: tests/chown/00.t: 1: //pjdfstest: Permission denied
[ 1850.185020] pks-autorun.sh[303]: tests/chown/00.t: 1: //pjdfstest: Permission denied
[ 1852.700850] pks-autorun.sh[303]: tests/chown/00.t: 1: //pjdfstest: Permission denied
[ 1852.710396] pks-autorun.sh[303]: tests/chown/00.t: 1: //pjdfstest: Permission denied
[ 1855.314955] pks-autorun.sh[303]: tests/chown/00.t: 1: //pjdfstest: Permission denied
[ 1856.545665] pks-autorun.sh[303]: tests/chown/00.t: 1: //pjdfstest: Permission denied
[ 1859.066462] pks-autorun.sh[303]: tests/chown/00.t: 1: //pjdfstest: Permission denied
[ 1859.075673] pks-autorun.sh[303]: tests/chown/00.t: 1: //pjdfstest: Permission denied
[ 1861.570368] pks-autorun.sh[303]: tests/chown/00.t: 1: //pjdfstest: Permission denied
[ 1862.185285] pks-autorun.sh[303]: tests/chown/00.t: 1: //pjdfstest: Permission denied
[ 1864.745551] pks-autorun.sh[303]: tests/chown/00.t: 1: //pjdfstest: Permission denied
[ 1864.757301] pks-autorun.sh[303]: tests/chown/00.t: 1: //pjdfstest: Permission denied
[ 1867.210693] pks-autorun.sh[303]: tests/chown/00.t: 1: //pjdfstest: Permission denied
[ 1869.175197] pks-autorun.sh[303]: tests/chown/00.t: 1: //pjdfstest: Permission denied
[ 1871.765767] pks-autorun.sh[303]: tests/chown/00.t: 1: //pjdfstest: Permission denied
[ 1871.779029] pks-autorun.sh[303]: tests/chown/00.t: 1: //pjdfstest: Permission denied
[ 1874.365256] pks-autorun.sh[303]: tests/chown/00.t: 1: //pjdfstest: Permission denied
[ 1875.685651] pks-autorun.sh[303]: tests/chown/00.t: 1: //pjdfstest: Permission denied
[ 1878.155496] pks-autorun.sh[303]: tests/chown/00.t: 1: //pjdfstest: Permission denied
[ 1878.167499] pks-autorun.sh[303]: tests/chown/00.t: 1: //pjdfstest: Permission denied
[ 1880.659376] pks-autorun.sh[303]: tests/chown/00.t: 1: //pjdfstest: Permission denied
[ 1881.935336] pks-autorun.sh[303]: tests/chown/00.t: 1: //pjdfstest: Permission denied
[ 1883.868432] pks-autorun.sh[303]: tests/chown/00.t: 1: //pjdfstest: Permission denied
[ 1885.246836] pks-autorun.sh[303]: tests/chown/00.t: 1: //pjdfstest: Permission denied
[ 1887.121505] pks-autorun.sh[303]: tests/chown/00.t: 1: //pjdfstest: Permission denied
[ 1889.739278] pks-autorun.sh[303]: tests/chown/00.t: 1: //pjdfstest: Permission denied
[ 1891.598211] pks-autorun.sh[303]: tests/chown/00.t: 1: //pjdfstest: Permission denied
[ 1893.549672] pks-autorun.sh[303]: tests/chown/00.t: 1: //pjdfstest: Permission denied
[ 1895.420656] pks-autorun.sh[303]: tests/chown/00.t: 1: //pjdfstest: Permission denied
[ 1896.745896] pks-autorun.sh[303]: tests/chown/00.t: 1: //pjdfstest: Permission denied
[ 1898.712216] pks-autorun.sh[303]: tests/chown/00.t: 1: //pjdfstest: Permission denied
[ 1901.240240] pks-autorun.sh[303]: tests/chown/00.t: 1: //pjdfstest: Permission denied
[ 1903.440554] pks-autorun.sh[303]: tests/chown/00.t: 1: //pjdfstest: Permission denied
[ 1905.467004] pks-autorun.sh[303]: tests/chown/00.t: 1: //pjdfstest: Permission denied
[ 1907.349788] pks-autorun.sh[303]: tests/chown/00.t: 1: //pjdfstest: Permission denied
[ 1908.602587] pks-autorun.sh[303]: tests/chown/00.t: 1: //pjdfstest: Permission denied
[ 1910.447542] pks-autorun.sh[303]: tests/chown/00.t: 1: //pjdfstest: Permission denied
[ 1912.927243] pks-autorun.sh[303]: tests/chown/00.t: 1: //pjdfstest: Permission denied
[ 1914.809494] pks-autorun.sh[303]: tests/chown/00.t: 1: //pjdfstest: Permission denied
[ 1916.784317] pks-autorun.sh[303]: tests/chown/00.t: 1: //pjdfstest: Permission denied
[ 1918.668935] pks-autorun.sh[303]: tests/chown/00.t: 1: //pjdfstest: Permission denied
[ 1919.923248] pks-autorun.sh[303]: tests/chown/00.t: 1: //pjdfstest: Permission denied
[ 1921.753691] pks-autorun.sh[303]: tests/chown/00.t: 1: //pjdfstest: Permission denied
[ 1924.272380] pks-autorun.sh[303]: tests/chown/00.t: 1: //pjdfstest: Permission denied
[ 1926.125305] pks-autorun.sh[303]: tests/chown/00.t: 1: //pjdfstest: Permission denied
[ 1928.072137] pks-autorun.sh[303]: tests/chown/00.t: 1: //pjdfstest: Permission denied
[ 1929.973696] pks-autorun.sh[303]: tests/chown/00.t: 1: //pjdfstest: Permission denied
[ 1931.217594] pks-autorun.sh[303]: tests/chown/00.t: 1: //pjdfstest: Permission denied
[ 1933.039548] pks-autorun.sh[303]: tests/chown/00.t: 1: //pjdfstest: Permission denied
[ 1935.575661] pks-autorun.sh[303]: tests/chown/00.t: 1: //pjdfstest: Permission denied
[ 1937.516952] pks-autorun.sh[303]: tests/chown/00.t: 1: //pjdfstest: Permission denied
[ 1939.411235] pks-autorun.sh[303]: tests/chown/00.t: 1: //pjdfstest: Permission denied
[ 1941.250381] pks-autorun.sh[303]: tests/chown/00.t: 1: //pjdfstest: Permission denied
[ 1942.477715] pks-autorun.sh[303]: tests/chown/00.t: 1: //pjdfstest: Permission denied
[ 1944.336692] pks-autorun.sh[303]: tests/chown/00.t: 1: //pjdfstest: Permission denied
[ 1947.547935] pks-autorun.sh[303]: tests/chown/00.t: 1: //pjdfstest: Permission denied
[ 1949.223932] pks-autorun.sh[303]: tests/chown/00.t: 1: //pjdfstest: Permission denied
[ 1951.128903] pks-autorun.sh[303]: tests/chown/00.t: 1: //pjdfstest: Permission denied
[ 1952.947704] pks-autorun.sh[303]: tests/chown/00.t: 1: //pjdfstest: Permission denied
[ 1954.857667] pks-autorun.sh[303]: tests/chown/00.t: 1: //pjdfstest: Permission denied
[ 1958.167836] pks-autorun.sh[303]: tests/chown/00.t: 1: //pjdfstest: Permission denied
[ 1959.516016] pks-autorun.sh[303]: tests/chown/00.t: 1: //pjdfstest: Permission denied
[ 1962.614482] pks-autorun.sh[303]: tests/chown/00.t: 1: //pjdfstest: Permission denied
[ 1965.099745] pks-autorun.sh[303]: tests/chown/00.t: 1: //pjdfstest: Permission denied
[ 1968.257783] pks-autorun.sh[303]: tests/chown/00.t: 1: //pjdfstest: Permission denied
[ 1970.066419] pks-autorun.sh[303]: tests/chown/00.t: 1: //pjdfstest: Permission denied
[ 1973.112728] pks-autorun.sh[303]: tests/chown/00.t: 1: //pjdfstest: Permission denied
[ 1974.394690] pks-autorun.sh[303]: tests/chown/00.t: 1: //pjdfstest: Permission denied
[ 1977.536450] pks-autorun.sh[303]: tests/chown/00.t: 1: //pjdfstest: Permission denied
[ 1979.988001] pks-autorun.sh[303]: tests/chown/00.t: 1: //pjdfstest: Permission denied
[ 1983.117150] pks-autorun.sh[303]: tests/chown/00.t: 1: //pjdfstest: Permission denied
[ 1984.987713] pks-autorun.sh[303]: tests/chown/00.t: 1: //pjdfstest: Permission denied
[ 1988.125931] pks-autorun.sh[303]: tests/chown/00.t: 1: //pjdfstest: Permission denied
[ 1989.351090] pks-autorun.sh[303]: tests/chown/00.t: 1: //pjdfstest: Permission denied
[ 1992.471797] pks-autorun.sh[303]: tests/chown/00.t: 1: //pjdfstest: Permission denied
[ 1994.911251] pks-autorun.sh[303]: tests/chown/00.t: 1: //pjdfstest: Permission denied
[ 1998.071235] pks-autorun.sh[303]: tests/chown/00.t: 1: //pjdfstest: Permission denied
[ 1999.997856] pks-autorun.sh[303]: tests/chown/00.t: 1: //pjdfstest: Permission denied
[ 2003.008657] pks-autorun.sh[303]: tests/chown/00.t: 1: //pjdfstest: Permission denied
[ 2004.535008] pks-autorun.sh[303]: tests/chown/00.t: 1: //pjdfstest: Permission denied
[ 2007.697187] pks-autorun.sh[303]: tests/chown/00.t: 1: //pjdfstest: Permission denied
[ 2010.290566] pks-autorun.sh[303]: tests/chown/00.t: 1: //pjdfstest: Permission denied
[ 2013.392659] pks-autorun.sh[303]: tests/chown/00.t: 1: //pjdfstest: Permission denied
[ 2015.340616] pks-autorun.sh[303]: tests/chown/00.t: 1: //pjdfstest: Permission denied
[ 2018.426255] pks-autorun.sh[303]: tests/chown/00.t: 1: //pjdfstest: Permission denied
[ 2019.697985] pks-autorun.sh[303]: tests/chown/00.t: 1: //pjdfstest: Permission denied
[ 2022.835114] pks-autorun.sh[303]: tests/chown/00.t: 1: //pjdfstest: Permission denied
[ 2025.294796] pks-autorun.sh[303]: tests/chown/00.t: 1: //pjdfstest: Permission denied
[ 2028.539451] pks-autorun.sh[303]: tests/chown/00.t: 1: //pjdfstest: Permission denied
[ 2030.454582] pks-autorun.sh[303]: tests/chown/00.t: 1: //pjdfstest: Permission denied
[ 2033.540996] pks-autorun.sh[303]: tests/chown/00.t: 1: //pjdfstest: Permission denied
[ 2034.899950] pks-autorun.sh[303]: tests/chown/00.t: 1: //pjdfstest: Permission denied
[ 2038.235852] pks-autorun.sh[303]: tests/chown/00.t: 1: //pjdfstest: Permission denied
[ 2040.841291] pks-autorun.sh[303]: tests/chown/00.t: 1: //pjdfstest: Permission denied
[ 2044.022478] pks-autorun.sh[303]: tests/chown/00.t: 1: //pjdfstest: Permission denied
[ 2045.887975] pks-autorun.sh[303]: tests/chown/00.t: 1: //pjdfstest: Permission denied
[ 2049.109314] pks-autorun.sh[303]: tests/chown/00.t: 1: //pjdfstest: Permission denied
[ 2051.103989] pks-autorun.sh[303]: tests/chown/00.t .....
[ 2051.132302] pks-autorun.sh[303]: Failed 1196/1280 subtests
[ 2051.143837] pks-autorun.sh[303]: 	(19 TODO tests unexpectedly succeeded)
[ 2068.382238] pks-autorun.sh[303]: tests/chown/01.t .....
[ 2068.593907] pks-autorun.sh[303]: Failed 22/22 subtests
[ 2070.263223] pks-autorun.sh[303]: tests/chown/02.t: 1: //pjdfstest: Permission denied
[ 2071.256572] pks-autorun.sh[303]: tests/chown/02.t: 127: [: -lt: argument expected
[ 2071.475490] pks-autorun.sh[303]: cut: invalid range with no endpoint: -
[ 2071.487444] pks-autorun.sh[303]: Try 'cut --help' for more information.
[ 2077.675025] pks-autorun.sh[303]: tests/chown/02.t .....
[ 2077.706025] pks-autorun.sh[303]: Failed 10/10 subtests
[ 2079.612857] pks-autorun.sh[303]: tests/chown/03.t: 1: //pjdfstest: Permission denied
[ 2079.628974] pks-autorun.sh[303]: tests/chown/03.t: 1: //pjdfstest: Permission denied
[ 2080.996872] pks-autorun.sh[303]: cut: invalid decreasing range
[ 2081.017240] pks-autorun.sh[303]: Try 'cut --help' for more information.
[ 2081.612796] pks-autorun.sh[303]: cut: invalid byte or character range
[ 2081.626902] pks-autorun.sh[303]: Try 'cut --help' for more information.
[ 2082.313183] pks-autorun.sh[303]: mkdir: cannot create directory ‘’: No such file or directory
[ 2088.853141] pks-autorun.sh[303]: tests/chown/03.t .....
[ 2088.871811] pks-autorun.sh[303]: Failed 10/10 subtests
[ 2098.870637] pks-autorun.sh[303]: tests/chown/04.t .....
[ 2098.945473] pks-autorun.sh[303]: Failed 9/9 subtests
[ 2103.376200] pks-autorun.sh[303]: tests/chown/05.t: 17: cd: can't cd to pjdfstest_81f2e46ec79af147544e725acc6196cd
[ 2114.252595] pks-autorun.sh[303]: tests/chown/05.t .....
[ 2114.312223] pks-autorun.sh[303]: Failed 18/18 subtests
[ 2123.583956] pks-autorun.sh[303]: tests/chown/06.t .....
[ 2123.603420] pks-autorun.sh[303]: Failed 10/10 subtests
[ 2128.706400] pks-autorun.sh[303]: tests/chown/07.t: 18: cd: can't cd to pjdfstest_8e589e61a5c6854865aa2a0087ca3268
[ 2210.475184] pks-autorun.sh[303]: tests/chown/07.t .....
[ 2210.508477] pks-autorun.sh[303]: Failed 132/132 subtests
[ 2212.459814] pks-autorun.sh[303]: tests/chown/08.t ..... ok
[ 2214.432238] pks-autorun.sh[303]: tests/chown/09.t ..... ok
[ 2219.437453] pks-autorun.sh[303]: tests/chown/10.t .....
[ 2219.529684] pks-autorun.sh[303]: Failed 4/4 subtests
[ 2223.965211] pks-autorun.sh[303]: tests/chmod/00.t: 21: cd: can't cd to pjdfstest_42b1ff127e1c5ca844e238c9b349b694
[ 2226.440480] pks-autorun.sh[303]: tests/chmod/00.t: 1: //pjdfstest: Permission denied
[ 2232.598582] pks-autorun.sh[303]: tests/chmod/00.t: 1: //pjdfstest: Permission denied
[ 2238.855427] pks-autorun.sh[303]: tests/chmod/00.t: 1: //pjdfstest: Permission denied
[ 2245.186818] pks-autorun.sh[303]: tests/chmod/00.t: 1: //pjdfstest: Permission denied
[ 2251.483188] pks-autorun.sh[303]: tests/chmod/00.t: 1: //pjdfstest: Permission denied
[ 2257.633334] pks-autorun.sh[303]: tests/chmod/00.t: 1: //pjdfstest: Permission denied
[ 2262.196388] pks-autorun.sh[303]: tests/chmod/00.t: 1: //pjdfstest: Permission denied
[ 2264.175440] pks-autorun.sh[303]: tests/chmod/00.t: 1: //pjdfstest: Permission denied
[ 2265.427066] pks-autorun.sh[303]: tests/chmod/00.t: 1: //pjdfstest: Permission denied
[ 2267.263890] pks-autorun.sh[303]: tests/chmod/00.t: 1: //pjdfstest: Permission denied
[ 2268.488454] pks-autorun.sh[303]: tests/chmod/00.t: 1: //pjdfstest: Permission denied
[ 2270.346781] pks-autorun.sh[303]: tests/chmod/00.t: 1: //pjdfstest: Permission denied
[ 2271.622351] pks-autorun.sh[303]: tests/chmod/00.t: 1: //pjdfstest: Permission denied
[ 2273.457626] pks-autorun.sh[303]: tests/chmod/00.t: 1: //pjdfstest: Permission denied
[ 2274.860242] pks-autorun.sh[303]: tests/chmod/00.t: 1: //pjdfstest: Permission denied
[ 2276.731010] pks-autorun.sh[303]: tests/chmod/00.t: 1: //pjdfstest: Permission denied
[ 2278.039984] pks-autorun.sh[303]: tests/chmod/00.t: 1: //pjdfstest: Permission denied
[ 2279.987476] pks-autorun.sh[303]: tests/chmod/00.t: 1: //pjdfstest: Permission denied
[ 2281.302705] pks-autorun.sh[303]: tests/chmod/00.t: 1: //pjdfstest: Permission denied
[ 2283.222745] pks-autorun.sh[303]: tests/chmod/00.t: 1: //pjdfstest: Permission denied
[ 2284.522416] pks-autorun.sh[303]: tests/chmod/00.t: 1: //pjdfstest: Permission denied
[ 2286.440427] pks-autorun.sh[303]: tests/chmod/00.t: 1: //pjdfstest: Permission denied
[ 2287.693871] pks-autorun.sh[303]: tests/chmod/00.t: 1: //pjdfstest: Permission denied
[ 2289.575598] pks-autorun.sh[303]: tests/chmod/00.t: 1: //pjdfstest: Permission denied
[ 2290.835268] pks-autorun.sh[303]: tests/chmod/00.t: 1: //pjdfstest: Permission denied
[ 2292.700994] pks-autorun.sh[303]: tests/chmod/00.t: 1: //pjdfstest: Permission denied
[ 2293.987882] pks-autorun.sh[303]: tests/chmod/00.t: 1: //pjdfstest: Permission denied
[ 2295.823619] pks-autorun.sh[303]: tests/chmod/00.t: 1: //pjdfstest: Permission denied
[ 2297.155153] pks-autorun.sh[303]: tests/chmod/00.t: 1: //pjdfstest: Permission denied
[ 2299.038191] pks-autorun.sh[303]: tests/chmod/00.t: 1: //pjdfstest: Permission denied
[ 2306.184586] pks-autorun.sh[303]: tests/chmod/00.t .....
[ 2306.202501] pks-autorun.sh[303]: Failed 107/119 subtests
[ 2320.343369] pks-autorun.sh[303]: tests/chmod/01.t .....
[ 2320.389618] pks-autorun.sh[303]: Failed 17/17 subtests
[ 2322.327839] pks-autorun.sh[303]: tests/chmod/02.t: 1: //pjdfstest: Permission denied
[ 2323.227451] pks-autorun.sh[303]: tests/chmod/02.t: 127: [: -lt: argument expected
[ 2323.503881] pks-autorun.sh[303]: cut: invalid range with no endpoint: -
[ 2323.518737] pks-autorun.sh[303]: Try 'cut --help' for more information.
[ 2326.761258] pks-autorun.sh[303]: tests/chmod/02.t .....
[ 2326.777469] pks-autorun.sh[303]: Failed 5/5 subtests
[ 2328.608953] pks-autorun.sh[303]: tests/chmod/03.t: 1: //pjdfstest: Permission denied
[ 2328.628185] pks-autorun.sh[303]: tests/chmod/03.t: 1: //pjdfstest: Permission denied
[ 2329.824685] pks-autorun.sh[303]: cut: invalid decreasing range
[ 2329.838404] pks-autorun.sh[303]: Try 'cut --help' for more information.
[ 2330.417719] pks-autorun.sh[303]: cut: invalid byte or character range
[ 2330.428051] pks-autorun.sh[303]: Try 'cut --help' for more information.
[ 2331.127937] pks-autorun.sh[303]: mkdir: cannot create directory ‘’: No such file or directory
[ 2334.495707] pks-autorun.sh[303]: tests/chmod/03.t .....
[ 2334.507761] pks-autorun.sh[303]: Failed 5/5 subtests
[ 2342.811434] pks-autorun.sh[303]: tests/chmod/04.t .....
[ 2342.826909] pks-autorun.sh[303]: Failed 7/7 subtests
[ 2347.369606] pks-autorun.sh[303]: tests/chmod/05.t: 21: cd: can't cd to pjdfstest_f1d0dd2d8854002c658b674e7eaf72a1
[ 2356.041633] pks-autorun.sh[303]: tests/chmod/05.t .....
[ 2356.197627] pks-autorun.sh[303]: Failed 14/14 subtests
[ 2364.618464] pks-autorun.sh[303]: tests/chmod/06.t .....
[ 2364.634328] pks-autorun.sh[303]: Failed 8/8 subtests
[ 2369.997553] pks-autorun.sh[303]: tests/chmod/07.t: 22: cd: can't cd to pjdfstest_64509f161e3730fd03b56501b1c3d43f
[ 2385.110392] pks-autorun.sh[303]: tests/chmod/07.t .....
[ 2385.124920] pks-autorun.sh[303]: Failed 25/25 subtests
[ 2387.120280] pks-autorun.sh[303]: tests/chmod/08.t ..... ok
[ 2389.072002] pks-autorun.sh[303]: tests/chmod/09.t ..... ok
[ 2392.386548] pks-autorun.sh[303]: tests/chmod/10.t .....
[ 2392.416990] pks-autorun.sh[303]: Failed 2/2 subtests
[ 2396.964375] pks-autorun.sh[303]: tests/chmod/11.t: 21: cd: can't cd to pjdfstest_e0421b91d100fdc4b61261a21a4b42de
[ 2464.583928] pks-autorun.sh[303]: tests/chmod/11.t .....
[ 2464.623631] pks-autorun.sh[303]: Failed 109/109 subtests
[ 2469.512276] pks-autorun.sh[303]: tests/chmod/12.t: 17: cd: can't cd to pjdfstest_ea6f5559a4094e2a88d0637903b4f43f
[ 2477.149756] pks-autorun.sh[303]: tests/chmod/12.t .....
[ 2477.167414] pks-autorun.sh[303]: Failed 14/14 subtests
[ 2481.174644] pks-autorun.sh[303]: tests/truncate/00.t: 16: cd: can't cd to pjdfstest_ee424b574035d9c4e012de8e8d2e513d
[ 2488.980582] pks-autorun.sh[303]: tests/truncate/00.t: 1: //pjdfstest: Permission denied
[ 2490.900828] pks-autorun.sh[303]: tests/truncate/00.t: 1: //pjdfstest: Permission denied
[ 2492.118409] pks-autorun.sh[303]: tests/truncate/00.t: 1: //pjdfstest: Permission denied
[ 2493.944262] pks-autorun.sh[303]: tests/truncate/00.t: 1: //pjdfstest: Permission denied
[ 2495.231578] pks-autorun.sh[303]: tests/truncate/00.t ..
[ 2495.273312] pks-autorun.sh[303]: Failed 19/21 subtests
[ 2501.417357] pks-autorun.sh[303]: tests/truncate/01.t ..
[ 2501.464439] pks-autorun.sh[303]: Failed 5/5 subtests
[ 2503.304436] pks-autorun.sh[303]: tests/truncate/02.t: 1: //pjdfstest: Permission denied
[ 2504.173630] pks-autorun.sh[303]: tests/truncate/02.t: 127: [: -lt: argument expected
[ 2504.438297] pks-autorun.sh[303]: cut: invalid range with no endpoint: -
[ 2504.447912] pks-autorun.sh[303]: Try 'cut --help' for more information.
[ 2507.630230] pks-autorun.sh[303]: tests/truncate/02.t ..
[ 2507.641425] pks-autorun.sh[303]: Failed 5/5 subtests
[ 2509.597299] pks-autorun.sh[303]: tests/truncate/03.t: 1: //pjdfstest: Permission denied
[ 2509.608520] pks-autorun.sh[303]: tests/truncate/03.t: 1: //pjdfstest: Permission denied
[ 2510.771252] pks-autorun.sh[303]: cut: invalid decreasing range
[ 2510.787563] pks-autorun.sh[303]: Try 'cut --help' for more information.
[ 2511.306653] pks-autorun.sh[303]: cut: invalid byte or character range
[ 2511.319590] pks-autorun.sh[303]: Try 'cut --help' for more information.
[ 2511.967127] pks-autorun.sh[303]: mkdir: cannot create directory ‘’: No such file or directory
[ 2515.349193] pks-autorun.sh[303]: tests/truncate/03.t ..
[ 2515.361791] pks-autorun.sh[303]: Failed 5/5 subtests
[ 2521.089791] pks-autorun.sh[303]: tests/truncate/04.t ..
[ 2521.105347] pks-autorun.sh[303]: Failed 4/4 subtests
[ 2525.664619] pks-autorun.sh[303]: tests/truncate/05.t: 17: cd: can't cd to pjdfstest_f086b1daf10546a523b69398696457fb
[ 2534.313162] pks-autorun.sh[303]: tests/truncate/05.t ..
[ 2534.345370] pks-autorun.sh[303]: Failed 15/15 subtests
[ 2538.053693] pks-autorun.sh[303]: tests/truncate/06.t: 16: cd: can't cd to pjdfstest_97ca6f3ce339fea2b7c80813f82a5316
[ 2542.436850] pks-autorun.sh[303]: tests/truncate/06.t ..
[ 2542.462678] pks-autorun.sh[303]: Failed 8/8 subtests
[ 2549.692530] pks-autorun.sh[303]: tests/truncate/07.t ..
[ 2549.708765] pks-autorun.sh[303]: Failed 6/6 subtests
[ 2551.565657] pks-autorun.sh[303]: tests/truncate/08.t .. ok
[ 2555.886517] pks-autorun.sh[303]: tests/truncate/09.t ..
[ 2555.925556] pks-autorun.sh[303]: Failed 3/3 subtests
[ 2557.695166] pks-autorun.sh[303]: tests/truncate/10.t .. ok
[ 2559.506847] pks-autorun.sh[303]: tests/truncate/11.t .. ok
[ 2563.384964] pks-autorun.sh[303]: tests/truncate/12.t ..
[ 2563.413665] pks-autorun.sh[303]: Failed 3/3 subtests
[ 2568.413481] pks-autorun.sh[303]: tests/truncate/13.t ..
[ 2568.428882] pks-autorun.sh[303]: Failed 4/4 subtests
[ 2571.400998] pks-autorun.sh[303]: tests/truncate/14.t ..
[ 2571.417253] pks-autorun.sh[303]: Failed 2/2 subtests
[ 2571.438142] pks-autorun.sh[303]: Test Summary Report
[ 2571.450517] pks-autorun.sh[303]: -------------------
[ 2571.464665] pks-autorun.sh[303]: tests/chown/00.t   (Wstat: 0 Tests: 1280 Failed: 1196)
[ 2571.552504] pks-autorun.sh[303]:   Failed tests:  1-649, 651-653, 655-664, 667-670, 673-685
[ 2571.564195] pks-autorun.sh[303]:                 687-689, 691-902, 904-905, 907-909, 911-912
[ 2571.574619] pks-autorun.sh[303]:                 914-918, 920-921, 923-926, 928-929, 931-933
[ 2571.590909] pks-autorun.sh[303]:                 935-936, 938-942, 944-945, 947-950, 952-953
[ 2571.603384] pks-autorun.sh[303]:                 955-957, 959-960, 962-966, 968-969, 971-974
[ 2571.614942] pks-autorun.sh[303]:                 976-977, 979-981, 983-984, 986-990, 992-993
[ 2571.624516] pks-autorun.sh[303]:                 995-998, 1000-1001, 1003-1005, 1007-1008
[ 2571.636196] pks-autorun.sh[303]:                 1010-1014, 1016-1017, 1019-1022, 1024-1025
[ 2571.642444] pks-autorun.sh[303]:                 1027-1029, 1031-1032, 1034-1038, 1040-1041
[ 2571.651535] pks-autorun.sh[303]:                 1043-1046, 1048-1049, 1051-1053, 1055-1057
[ 2571.661720] pks-autorun.sh[303]:                 1059-1063, 1065-1068, 1070-1072, 1074-1078
[ 2571.670096] pks-autorun.sh[303]:                 1080-1083, 1085-1087, 1089-1093, 1095-1098
[ 2571.677713] pks-autorun.sh[303]:                 1100-1102, 1104-1108, 1110-1113, 1115-1117
[ 2571.684532] pks-autorun.sh[303]:                 1119-1123, 1125-1128, 1130-1132, 1134-1138
[ 2571.693632] pks-autorun.sh[303]:                 1140-1143, 1145-1150, 1152-1156, 1158-1164
[ 2571.703477] pks-autorun.sh[303]:                 1166-1171, 1173-1177, 1179-1185, 1187-1192
[ 2571.715288] pks-autorun.sh[303]:                 1194-1198, 1200-1206, 1208-1213, 1215-1219
[ 2571.724470] pks-autorun.sh[303]:                 1221-1227, 1229-1234, 1236-1240, 1242-1248
[ 2571.735511] pks-autorun.sh[303]:                 1250-1255, 1257-1261, 1263-1269, 1271-1276
[ 2571.743724] pks-autorun.sh[303]:                 1278-1280
[ 2571.752966] pks-autorun.sh[303]:   TODO passed:   1054, 1058, 1064, 1069, 1073, 1079, 1084
[ 2571.767737] pks-autorun.sh[303]:                 1088, 1094, 1099, 1103, 1109, 1114, 1118
[ 2571.775928] pks-autorun.sh[303]:                 1124, 1129, 1133, 1139, 1144
[ 2571.791785] pks-autorun.sh[303]: tests/chown/01.t   (Wstat: 0 Tests: 22 Failed: 22)
[ 2571.802802] pks-autorun.sh[303]:   Failed tests:  1-22
[ 2571.810560] pks-autorun.sh[303]: tests/chown/02.t   (Wstat: 0 Tests: 10 Failed: 10)
[ 2571.830245] pks-autorun.sh[303]:   Failed tests:  1-10
[ 2571.839595] pks-autorun.sh[303]: tests/chown/03.t   (Wstat: 0 Tests: 10 Failed: 10)
[ 2571.848825] pks-autorun.sh[303]:   Failed tests:  1-10
[ 2571.857281] pks-autorun.sh[303]: tests/chown/04.t   (Wstat: 0 Tests: 9 Failed: 9)
[ 2571.864871] pks-autorun.sh[303]:   Failed tests:  1-9
[ 2571.870529] pks-autorun.sh[303]: tests/chown/05.t   (Wstat: 0 Tests: 18 Failed: 18)
[ 2571.880617] pks-autorun.sh[303]:   Failed tests:  1-18
[ 2571.892025] pks-autorun.sh[303]: tests/chown/06.t   (Wstat: 0 Tests: 10 Failed: 10)
[ 2571.900480] pks-autorun.sh[303]:   Failed tests:  1-10
[ 2571.909610] pks-autorun.sh[303]: tests/chown/07.t   (Wstat: 0 Tests: 132 Failed: 132)
[ 2571.917740] pks-autorun.sh[303]:   Failed tests:  1-132
[ 2571.926466] pks-autorun.sh[303]: tests/chown/10.t   (Wstat: 0 Tests: 4 Failed: 4)
[ 2571.936863] pks-autorun.sh[303]:   Failed tests:  1-4
[ 2571.945658] pks-autorun.sh[303]: tests/chmod/00.t   (Wstat: 0 Tests: 119 Failed: 107)
[ 2571.952801] pks-autorun.sh[303]:   Failed tests:  1-63, 65-67, 69-71, 73-75, 77-79, 81-83
[ 2571.965120] pks-autorun.sh[303]:                 85-87, 89-91, 93-95, 97-99, 101-103, 105-107
[ 2571.975761] pks-autorun.sh[303]:                 109-119
[ 2571.984481] pks-autorun.sh[303]: tests/chmod/01.t   (Wstat: 0 Tests: 17 Failed: 17)
[ 2571.999421] pks-autorun.sh[303]:   Failed tests:  1-17
[ 2572.029325] prove (302) used greatest stack depth: 13024 bytes left
[ 2572.011474] pks-autorun.sh[303]: tests/chmod/02.t   (Wstat: 0 Tests: 5 Failed: 5)
[ 2572.019437] pks-autorun.sh[303]:   Failed tests:  1-5
[ 2572.029661] pks-autorun.sh[303]: tests/chmod/03.t   (Wstat: 0 Tests: 5 Failed: 5)
[ 2572.036544] pks-autorun.sh[303]:   Failed tests:  1-5
[ 2572.045810] pks-autorun.sh[303]: tests/chmod/04.t   (Wstat: 0 Tests: 7 Failed: 7)
[ 2572.055914] pks-autorun.sh[303]:   Failed tests:  1-7
[ 2572.066879] pks-autorun.sh[303]: tests/chmod/05.t   (Wstat: 0 Tests: 14 Failed: 14)
[ 2572.076248] pks-autorun.sh[303]:   Failed tests:  1-14
[ 2572.087354] pks-autorun.sh[303]: tests/chmod/06.t   (Wstat: 0 Tests: 8 Failed: 8)
[ 2572.096336] pks-autorun.sh[303]:   Failed tests:  1-8
[ 2572.106816] pks-autorun.sh[303]: tests/chmod/07.t   (Wstat: 0 Tests: 25 Failed: 25)
[ 2572.116255] pks-autorun.sh[303]:   Failed tests:  1-25
[ 2572.126943] pks-autorun.sh[303]: tests/chmod/10.t   (Wstat: 0 Tests: 2 Failed: 2)
[ 2572.140520] pks-autorun.sh[303]:   Failed tests:  1-2
[ 2572.153635] pks-autorun.sh[303]: tests/chmod/11.t   (Wstat: 0 Tests: 109 Failed: 109)
[ 2572.171438] pks-autorun.sh[303]:   Failed tests:  1-109
[ 2572.182330] pks-autorun.sh[303]: tests/chmod/12.t   (Wstat: 0 Tests: 14 Failed: 14)
[ 2572.193426] pks-autorun.sh[303]:   Failed tests:  1-14
[ 2572.204303] pks-autorun.sh[303]: tests/truncate/00.t (Wstat: 0 Tests: 21 Failed: 19)
[ 2572.214877] pks-autorun.sh[303]:   Failed tests:  1-14, 16-18, 20-21
[ 2572.226490] pks-autorun.sh[303]: tests/truncate/01.t (Wstat: 0 Tests: 5 Failed: 5)
[ 2572.237236] pks-autorun.sh[303]:   Failed tests:  1-5
[ 2572.245349] pks-autorun.sh[303]: tests/truncate/02.t (Wstat: 0 Tests: 5 Failed: 5)
[ 2572.261480] pks-autorun.sh[303]:   Failed tests:  1-5
[ 2572.269614] pks-autorun.sh[303]: tests/truncate/03.t (Wstat: 0 Tests: 5 Failed: 5)
[ 2572.279580] pks-autorun.sh[303]:   Failed tests:  1-5
[ 2572.285840] pks-autorun.sh[303]: tests/truncate/04.t (Wstat: 0 Tests: 4 Failed: 4)
[ 2572.298316] pks-autorun.sh[303]:   Failed tests:  1-4
[ 2572.304602] pks-autorun.sh[303]: tests/truncate/05.t (Wstat: 0 Tests: 15 Failed: 15)
[ 2572.313639] pks-autorun.sh[303]:   Failed tests:  1-15
[ 2572.324577] pks-autorun.sh[303]: tests/truncate/06.t (Wstat: 0 Tests: 8 Failed: 8)
[ 2572.335836] pks-autorun.sh[303]:   Failed tests:  1-8
[ 2572.344949] pks-autorun.sh[303]: tests/truncate/07.t (Wstat: 0 Tests: 6 Failed: 6)
[ 2572.354556] pks-autorun.sh[303]:   Failed tests:  1-6
[ 2572.363435] pks-autorun.sh[303]: tests/truncate/09.t (Wstat: 0 Tests: 3 Failed: 3)
[ 2572.393299] pks-autorun.sh[303]:   Failed tests:  1-3
[ 2572.420005] pks-autorun.sh[303]: tests/truncate/12.t (Wstat: 0 Tests: 3 Failed: 3)
[ 2572.432182] pks-autorun.sh[303]:   Failed tests:  1-3
[ 2572.442159] pks-autorun.sh[303]: tests/truncate/13.t (Wstat: 0 Tests: 4 Failed: 4)
[ 2572.448706] pks-autorun.sh[303]:   Failed tests:  1-4
[ 2572.458062] pks-autorun.sh[303]: tests/truncate/14.t (Wstat: 0 Tests: 2 Failed: 2)
[ 2572.466545] pks-autorun.sh[303]:   Failed tests:  1-2
[ 2572.475244] pks-autorun.sh[303]: Files=39, Tests=1908, 1390 wallclock secs (28.27 usr  8.43 sys + 914.03 cusr 489.47 csys = 1440.20 CPU)
[ 2572.484404] pks-autorun.sh[303]: Result: FAIL
[ 2577.262304] pks-autorun.sh[226]: ================================================================
[ 2577.289599] pks-autorun.sh[226]:  [PKS AUTORUN] Compliance testing complete. Powering off.
[ 2577.300438] pks-autorun.sh[226]: ================================================================
[ 2579.885584] e1000e: EEE TX LPI TIMER: 00000000
[ 2579.916180] ACPI: PM: Preparing to enter system sleep state S5
[ 2579.928341] reboot: Power down
