[   57.058953] pks-autorun.sh[228]:  [PKS AUTORUN] Triggered with mode: bench
[   57.067927] pks-autorun.sh[228]: ================================================================
[   61.464270] EXT4-fs (vda2): mounted filesystem with ordered data mode. Quota mode: none.
[   61.564882] pks-autorun.sh[228]: --> [PKS AUTORUN] Executing fio benchmark suite...
[   62.691086] pks-autorun.sh[243]: [INFO] Evaluating on protected mount: /mnt/protected
[   63.362527] pks-autorun.sh[243]: ======================================================================
[   63.378867] pks-autorun.sh[243]:  Starting PKS Performance Benchmark Suite
[   63.403635] pks-autorun.sh[243]:  Kernel Variant: mitigated_on
[   63.656914] pks-autorun.sh[243]:  Kernel Release: 5.18.0-rc3-00050-g89f022bca6b2
[   63.707368] pks-autorun.sh[243]:  Output Dir:     /mnt/protected/bench_results/raw/mitigated_on
[   63.962651] pks-autorun.sh[243]:  Date:           Sat Sep 19 06:22:40 UTC 2026
[   63.979236] pks-autorun.sh[243]: ======================================================================
[   64.713815] pks-autorun.sh[243]: === [1/4] Executing Warm-Cache Multi-Syscall Sweep ===
[   64.733596] pks-autorun.sh[243]: [INFO] Pre-allocating 32 MiB warm working files...
[   65.916380] bash (243): drop_caches: 3
[   83.727655] pks-autorun.sh[243]:   -> Warm sweep: block_size=512 bytes
[  263.105481] pks-autorun.sh[243]:   -> Warm sweep: block_size=1024 bytes
[  285.352175] hrtimer: interrupt took 2082962 ns
[  412.698702] pks-autorun.sh[243]:   -> Warm sweep: block_size=2048 bytes
[  495.856570] pks-autorun.sh[243]:   -> Warm sweep: block_size=4096 bytes
[  531.005982] pks-autorun.sh[243]:   -> Warm sweep: block_size=8192 bytes
[  557.725186] pks-autorun.sh[243]:   -> Warm sweep: block_size=16384 bytes
[  581.210128] pks-autorun.sh[243]:   -> Warm sweep: block_size=32768 bytes
[  602.233734] pks-autorun.sh[243]:   -> Warm sweep: block_size=65536 bytes
[  620.389657] pks-autorun.sh[243]:   -> Warm sweep: block_size=131072 bytes
[  637.988703] pks-autorun.sh[243]:   -> Warm sweep: block_size=262144 bytes
[  654.870084] pks-autorun.sh[243]:   -> Warm sweep: block_size=524288 bytes
[  672.840014] pks-autorun.sh[243]:   -> Warm sweep: block_size=1048576 bytes
[  692.820319] bash (243): drop_caches: 3
[  692.887141] pks-autorun.sh[243]: === [2/4] Executing Cold-Cache Multi-Syscall Sweep ===
[  693.630004] pks-autorun.sh[243]:   -> Cold sweep: block_size=512 bytes
[  694.376358] bash (243): drop_caches: 3
[  753.025900] bash (243): drop_caches: 3
[  815.481086] pks-autorun.sh[243]:   -> Cold sweep: block_size=1024 bytes
[  816.274505] bash (243): drop_caches: 3
[  853.393037] bash (243): drop_caches: 3
[  887.649014] pks-autorun.sh[243]:   -> Cold sweep: block_size=2048 bytes
[  888.585380] bash (243): drop_caches: 3
         Starting [0;1;39msystemd-tmpfiles-…leanup of Temporary Directories...
[[0;32m  OK  [0m] Finished [0;1;39msystemd-tmpfiles-… Cleanup of Temporary Directories.
[  913.615154] bash (243): drop_caches: 3
[  934.833722] pks-autorun.sh[243]:   -> Cold sweep: block_size=4096 bytes
[  935.964739] bash (243): drop_caches: 3
[  954.766493] bash (243): drop_caches: 3
[  970.289661] pks-autorun.sh[243]:   -> Cold sweep: block_size=8192 bytes
[  971.081294] bash (243): drop_caches: 3
[  985.941398] bash (243): drop_caches: 3
[  997.960320] pks-autorun.sh[243]:   -> Cold sweep: block_size=16384 bytes
[  998.829643] bash (243): drop_caches: 3
[ 1012.756534] bash (243): drop_caches: 3
[ 1022.310262] pks-autorun.sh[243]:   -> Cold sweep: block_size=32768 bytes
[ 1023.192027] bash (243): drop_caches: 3
[ 1036.162865] bash (243): drop_caches: 3
[ 1044.445515] pks-autorun.sh[243]:   -> Cold sweep: block_size=65536 bytes
[ 1045.279290] bash (243): drop_caches: 3
[ 1057.137261] bash (243): drop_caches: 3
[ 1065.338640] pks-autorun.sh[243]:   -> Cold sweep: block_size=131072 bytes
[ 1066.187494] bash (243): drop_caches: 3
[ 1078.824366] bash (243): drop_caches: 3
[ 1086.355403] pks-autorun.sh[243]:   -> Cold sweep: block_size=262144 bytes
[ 1087.175485] bash (243): drop_caches: 3
[ 1099.050433] bash (243): drop_caches: 3
[ 1106.715922] pks-autorun.sh[243]:   -> Cold sweep: block_size=524288 bytes
[ 1107.650389] bash (243): drop_caches: 3
[ 1119.869414] bash (243): drop_caches: 3
[ 1127.668098] pks-autorun.sh[243]:   -> Cold sweep: block_size=1048576 bytes
[ 1128.456303] bash (243): drop_caches: 3
[ 1140.702637] bash (243): drop_caches: 3
[ 1150.705259] bash (243): drop_caches: 3
[ 1150.734558] pks-autorun.sh[243]: === [3/4] Executing Multi-Core Concurrency Sweep ===
[ 1150.803154] pks-autorun.sh[243]:   -> Concurrency test: numjobs=1 (private files, bs=4K)
[ 1151.610029] bash (243): drop_caches: 3
[ 1170.221554] bash (243): drop_caches: 3
[ 1170.252290] pks-autorun.sh[243]:   -> Concurrency test: numjobs=2 (private files, bs=4K)
[ 1170.815905] bash (243): drop_caches: 3
[ 1193.972203] bash (243): drop_caches: 3
[ 1194.000887] pks-autorun.sh[243]:   -> Concurrency test: numjobs=4 (private files, bs=4K)
[ 1194.575861] bash (243): drop_caches: 3
[ 1226.466764] bash (243): drop_caches: 3
[ 1226.494887] pks-autorun.sh[243]: === [4/4] Executing SQLite Macrobenchmark ===
[ 1228.502335] pks-autorun.sh[536]: [INFO] Running SQLite benchmark (synchronous=FULL, transactions=5000) on /mnt/protected...
[ 1233.931374] pks-autorun.sh[544]: delete
[ 1233.952318] pks-autorun.sh[544]: 0
[ 1254.964758] kworker/dying (68) used greatest stack depth: 12800 bytes left
QEMU: Terminated

