[   21.391079] pks-autorun.sh[225]:  [PKS AUTORUN] Triggered with mode: bench
[   21.395845] pks-autorun.sh[225]: ================================================================
[   21.597667] pks-autorun.sh[225]: --> [PKS AUTORUN] Executing fio benchmark suite...
[   21.794533] pks-autorun.sh[233]: [INFO] Evaluating on protected mount: /mnt/protected
[   21.911742] pks-autorun.sh[233]: ======================================================================
[   21.916428] pks-autorun.sh[233]:  Starting PKS Performance Benchmark Suite
[   21.919681] pks-autorun.sh[233]:  Kernel Variant: baseline_control
[   21.963631] pks-autorun.sh[233]:  Kernel Release: 5.18.0-rc3
[   21.970414] pks-autorun.sh[233]:  Output Dir:     /mnt/protected/bench_results/raw/baseline_control
[   22.024683] pks-autorun.sh[233]:  Date:           Sat Sep 19 15:35:15 UTC 2026
[   22.033322] pks-autorun.sh[233]: ======================================================================
[   22.169039] pks-autorun.sh[233]: === [1/4] Executing Warm-Cache Multi-Syscall Sweep ===
[   22.175792] pks-autorun.sh[233]: [INFO] Pre-allocating 32 MiB warm working files...
[   24.359710] bash (233): drop_caches: 3
[   32.277043] pks-autorun.sh[233]:   -> Warm sweep: block_size=512 bytes
[   52.095508] pks-autorun.sh[233]:   -> Warm sweep: block_size=1024 bytes
[   69.548703] pks-autorun.sh[233]:   -> Warm sweep: block_size=2048 bytes
[   83.066764] pks-autorun.sh[233]:   -> Warm sweep: block_size=4096 bytes
[   87.295514] pks-autorun.sh[233]:   -> Warm sweep: block_size=8192 bytes
[   90.359337] pks-autorun.sh[233]:   -> Warm sweep: block_size=16384 bytes
[   94.554054] pks-autorun.sh[233]:   -> Warm sweep: block_size=32768 bytes
[   97.406910] pks-autorun.sh[233]:   -> Warm sweep: block_size=65536 bytes
[  100.722892] pks-autorun.sh[233]:   -> Warm sweep: block_size=131072 bytes
[  105.173552] pks-autorun.sh[233]:   -> Warm sweep: block_size=262144 bytes
[  107.895768] pks-autorun.sh[233]:   -> Warm sweep: block_size=524288 bytes
[  111.914131] pks-autorun.sh[233]:   -> Warm sweep: block_size=1048576 bytes
[  117.550634] bash (233): drop_caches: 3
[  117.555573] pks-autorun.sh[233]: === [2/4] Executing Cold-Cache Multi-Syscall Sweep ===
[  117.690756] pks-autorun.sh[233]:   -> Cold sweep: block_size=512 bytes
[  118.111186] bash (233): drop_caches: 3
[  125.577781] bash (233): drop_caches: 3
[  129.642988] pks-autorun.sh[233]:   -> Cold sweep: block_size=1024 bytes
[  130.158194] bash (233): drop_caches: 3
[  135.535858] bash (233): drop_caches: 3
[  138.460943] pks-autorun.sh[233]:   -> Cold sweep: block_size=2048 bytes
[  138.946425] bash (233): drop_caches: 3
[  144.174938] bash (233): drop_caches: 3
[  146.537866] pks-autorun.sh[233]:   -> Cold sweep: block_size=4096 bytes
[  147.045613] bash (233): drop_caches: 3
[  151.558418] bash (233): drop_caches: 3
[  153.669549] pks-autorun.sh[233]:   -> Cold sweep: block_size=8192 bytes
[  154.213054] bash (233): drop_caches: 3
[  158.955409] bash (233): drop_caches: 3
[  161.003818] pks-autorun.sh[233]:   -> Cold sweep: block_size=16384 bytes
[  161.493890] bash (233): drop_caches: 3
[  165.768134] bash (233): drop_caches: 3
[  167.494771] pks-autorun.sh[233]:   -> Cold sweep: block_size=32768 bytes
[  168.120397] bash (233): drop_caches: 3
[  172.531767] bash (233): drop_caches: 3
[  174.274118] pks-autorun.sh[233]:   -> Cold sweep: block_size=65536 bytes
[  174.773166] bash (233): drop_caches: 3
[  178.818648] bash (233): drop_caches: 3
[  180.707718] pks-autorun.sh[233]:   -> Cold sweep: block_size=131072 bytes
[  181.215692] bash (233): drop_caches: 3
[  185.875579] bash (233): drop_caches: 3
[  187.608012] pks-autorun.sh[233]:   -> Cold sweep: block_size=262144 bytes
[  188.119099] bash (233): drop_caches: 3
[  192.071690] bash (233): drop_caches: 3
[  193.943872] pks-autorun.sh[233]:   -> Cold sweep: block_size=524288 bytes
[  194.445902] bash (233): drop_caches: 3
[  198.656124] bash (233): drop_caches: 3
[  200.488849] pks-autorun.sh[233]:   -> Cold sweep: block_size=1048576 bytes
[  201.048354] bash (233): drop_caches: 3
[  205.098664] bash (233): drop_caches: 3
[  207.468045] bash (233): drop_caches: 3
[  207.452940] pks-autorun.sh[233]: === [3/4] Executing Multi-Core Concurrency Sweep ===
[  207.463611] pks-autorun.sh[233]:   -> Concurrency test: numjobs=1 (private files, bs=4K)
[  207.893019] bash (233): drop_caches: 3
[  212.312823] bash (233): drop_caches: 3
[  212.300979] pks-autorun.sh[233]:   -> Concurrency test: numjobs=2 (private files, bs=4K)
[  212.744941] bash (233): drop_caches: 3
[  219.282026] bash (233): drop_caches: 3
[  219.272550] pks-autorun.sh[233]:   -> Concurrency test: numjobs=4 (private files, bs=4K)
[  219.726676] bash (233): drop_caches: 3
[  229.768580] bash (233): drop_caches: 3
[  229.760169] pks-autorun.sh[233]: === [4/4] Executing SQLite Macrobenchmark ===
[  230.177504] pks-autorun.sh[514]: [INFO] Running SQLite benchmark (synchronous=FULL, transactions=500) on /mnt/protected...
[  231.104597] pks-autorun.sh[522]: delete
[  231.112067] pks-autorun.sh[522]: 0
[  341.008401] pks-autorun.sh[528]: [INFO] SQLite (FULL): 500 txns in 109.465s -> 4.57 TPS, 218930319.7 ns/tx
[  341.418933] pks-autorun.sh[530]: [INFO] Running SQLite benchmark (synchronous=OFF, transactions=5000) on /mnt/protected...
[  341.910746] pks-autorun.sh[538]: delete
[  341.916187] pks-autorun.sh[538]: 0
[  351.567879] pks-autorun.sh[542]: [INFO] SQLite (OFF): 5000 txns in 9.058s -> 552.02 TPS, 1811524.8 ns/tx
[  351.668563] pks-autorun.sh[233]: === Recording Environment Provenance Metadata ===
[  352.773024] pks-autorun.sh[544]: [INFO] Metadata captured in /mnt/protected/bench_results/raw/baseline_control/run_metadata.json
[  354.329972] pks-autorun.sh[233]: ======================================================================
[  354.335786] pks-autorun.sh[233]:  Benchmark suite execution successfully completed!
[  354.338827] pks-autorun.sh[233]:  Outputs archived in: /mnt/protected/bench_results/raw/baseline_control
[  354.343515] pks-autorun.sh[233]: ======================================================================
[  355.480520] pks-autorun.sh[225]: ================================================================
[  355.485843] pks-autorun.sh[225]:  [PKS AUTORUN] Benchmarking complete. Powering off.
[  355.488244] pks-autorun.sh[225]: ================================================================
[  357.226908] e1000e: EEE TX LPI TIMER: 00000000
[  357.237496] ACPI: PM: Preparing to enter system sleep state S5
[  357.243772] reboot: Power down
