[   58.238222] pks-autorun.sh[225]:  [PKS AUTORUN] Triggered with mode: sec_dirtyfrag
[   58.253733] pks-autorun.sh[225]: ================================================================
[   59.504436] pks-autorun.sh[225]: --> [PKS AUTORUN] Executing Dirty Frag exploit test...
[   63.695019] pks-autorun.sh[233]: [-] Protected mount active: /mnt/protected without 'pks_pagecache' (standard ext4)
[   63.720035] pks-autorun.sh[233]: ======================================================================
[   63.736001] pks-autorun.sh[233]: === dirty-frag (pcache_pks=off) ===
[   63.743196] pks-autorun.sh[233]: Target: /mnt/protected/victim_file
[   67.688772] run_tests.sh (233): drop_caches: 3
[   68.484820] pks-autorun.sh[233]: pre-run MD5:  bf3f1799b2782402b9bbe1d16fba90e5
[   79.051216] pks-autorun.sh[233]: target modified -> corruption detected
[   83.590350] pks-autorun.sh[233]: post-run MD5: b05121347db4cf34bbeb573cd968ac1c
[   84.685829] pks-autorun.sh[233]: RESULT: dirty-frag SUCCEEDED (page cache modified)
[   85.272834] exp (271) used greatest stack depth: 12744 bytes left
[   88.837738] run_tests.sh (233): drop_caches: 3
[   88.865231] pks-autorun.sh[233]: ---
[   88.888513] pks-autorun.sh[233]: All tests completed.
[   88.900716] pks-autorun.sh[233]: Logs: /tmp/exploit_results/
[   90.773908] pks-autorun.sh[225]: ================================================================
[   90.789654] pks-autorun.sh[225]:  [PKS AUTORUN] Dirty Frag test complete. Powering off.
[   90.801354] pks-autorun.sh[225]: ================================================================
[   93.485303] e1000e: EEE TX LPI TIMER: 00000000
[   93.509865] ACPI: PM: Preparing to enter system sleep state S5
[   93.521987] reboot: Power down
